Archive member included to satisfy reference by file (symbol)

c:/progra~2/gnuarm~1/102020~1/bin/../lib/gcc/arm-none-eabi/10.2.1/thumb/v6-m/nofp\libgcc.a(_dvmd_tls.o)
                              CMakeFiles/nixiev_firmware.dir/F_/ElectricWorks/NixieV/firmware/pico/pico-sdk/src/rp2_common/pico_divider/divider.S.obj (__aeabi_idiv0)
c:/progra~2/gnuarm~1/102020~1/bin/../lib/gcc/arm-none-eabi/10.2.1/../../../../arm-none-eabi/lib/thumb/v6-m/nofp\libc.a(lib_a-calloc.o)
                              CMakeFiles/nixiev_firmware.dir/F_/ElectricWorks/NixieV/firmware/pico/pico-sdk/src/rp2_common/pico_malloc/pico_malloc.c.obj (calloc)
c:/progra~2/gnuarm~1/102020~1/bin/../lib/gcc/arm-none-eabi/10.2.1/../../../../arm-none-eabi/lib/thumb/v6-m/nofp\libc.a(lib_a-callocr.o)
                              c:/progra~2/gnuarm~1/102020~1/bin/../lib/gcc/arm-none-eabi/10.2.1/../../../../arm-none-eabi/lib/thumb/v6-m/nofp\libc.a(lib_a-calloc.o) (_calloc_r)
c:/progra~2/gnuarm~1/102020~1/bin/../lib/gcc/arm-none-eabi/10.2.1/../../../../arm-none-eabi/lib/thumb/v6-m/nofp\libc.a(lib_a-impure.o)
                              c:/progra~2/gnuarm~1/102020~1/bin/../lib/gcc/arm-none-eabi/10.2.1/../../../../arm-none-eabi/lib/thumb/v6-m/nofp\libc.a(lib_a-calloc.o) (_impure_ptr)
c:/progra~2/gnuarm~1/102020~1/bin/../lib/gcc/arm-none-eabi/10.2.1/../../../../arm-none-eabi/lib/thumb/v6-m/nofp\libc.a(lib_a-init.o)
                              c:/progra~2/gnuarm~1/102020~1/bin/../lib/gcc/arm-none-eabi/10.2.1/../../../../arm-none-eabi/lib/thumb/v6-m/nofp/crt0.o (__libc_init_array)
c:/progra~2/gnuarm~1/102020~1/bin/../lib/gcc/arm-none-eabi/10.2.1/../../../../arm-none-eabi/lib/thumb/v6-m/nofp\libc.a(lib_a-malloc.o)
                              CMakeFiles/nixiev_firmware.dir/F_/ElectricWorks/NixieV/firmware/pico/pico-sdk/src/rp2_common/pico_malloc/pico_malloc.c.obj (malloc)
c:/progra~2/gnuarm~1/102020~1/bin/../lib/gcc/arm-none-eabi/10.2.1/../../../../arm-none-eabi/lib/thumb/v6-m/nofp\libc.a(lib_a-mallocr.o)
                              c:/progra~2/gnuarm~1/102020~1/bin/../lib/gcc/arm-none-eabi/10.2.1/../../../../arm-none-eabi/lib/thumb/v6-m/nofp\libc.a(lib_a-callocr.o) (_malloc_r)
c:/progra~2/gnuarm~1/102020~1/bin/../lib/gcc/arm-none-eabi/10.2.1/../../../../arm-none-eabi/lib/thumb/v6-m/nofp\libc.a(lib_a-mlock.o)
                              c:/progra~2/gnuarm~1/102020~1/bin/../lib/gcc/arm-none-eabi/10.2.1/../../../../arm-none-eabi/lib/thumb/v6-m/nofp\libc.a(lib_a-mallocr.o) (__malloc_lock)
c:/progra~2/gnuarm~1/102020~1/bin/../lib/gcc/arm-none-eabi/10.2.1/../../../../arm-none-eabi/lib/thumb/v6-m/nofp\libc.a(lib_a-rand.o)
                              CMakeFiles/nixiev_firmware.dir/main.c.obj (srand)
c:/progra~2/gnuarm~1/102020~1/bin/../lib/gcc/arm-none-eabi/10.2.1/../../../../arm-none-eabi/lib/thumb/v6-m/nofp\libc.a(lib_a-random.o)
                              CMakeFiles/nixiev_firmware.dir/main.c.obj (random)
c:/progra~2/gnuarm~1/102020~1/bin/../lib/gcc/arm-none-eabi/10.2.1/../../../../arm-none-eabi/lib/thumb/v6-m/nofp\libc.a(lib_a-sbrkr.o)
                              c:/progra~2/gnuarm~1/102020~1/bin/../lib/gcc/arm-none-eabi/10.2.1/../../../../arm-none-eabi/lib/thumb/v6-m/nofp\libc.a(lib_a-mallocr.o) (_sbrk_r)
c:/progra~2/gnuarm~1/102020~1/bin/../lib/gcc/arm-none-eabi/10.2.1/../../../../arm-none-eabi/lib/thumb/v6-m/nofp\libc.a(lib_a-strlen-stub.o)
                              CMakeFiles/nixiev_firmware.dir/F_/ElectricWorks/NixieV/firmware/pico/pico-sdk/src/rp2_common/pico_stdio/stdio.c.obj (strlen)
c:/progra~2/gnuarm~1/102020~1/bin/../lib/gcc/arm-none-eabi/10.2.1/../../../../arm-none-eabi/lib/thumb/v6-m/nofp\libc.a(lib_a-freer.o)
                              c:/progra~2/gnuarm~1/102020~1/bin/../lib/gcc/arm-none-eabi/10.2.1/../../../../arm-none-eabi/lib/thumb/v6-m/nofp\libc.a(lib_a-malloc.o) (_free_r)
c:/progra~2/gnuarm~1/102020~1/bin/../lib/gcc/arm-none-eabi/10.2.1/../../../../arm-none-eabi/lib/thumb/v6-m/nofp\libc.a(lib_a-lock.o)
                              c:/progra~2/gnuarm~1/102020~1/bin/../lib/gcc/arm-none-eabi/10.2.1/../../../../arm-none-eabi/lib/thumb/v6-m/nofp\libc.a(lib_a-mlock.o) (__retarget_lock_acquire_recursive)
c:/progra~2/gnuarm~1/102020~1/bin/../lib/gcc/arm-none-eabi/10.2.1/../../../../arm-none-eabi/lib/thumb/v6-m/nofp\libc.a(lib_a-reent.o)
                              c:/progra~2/gnuarm~1/102020~1/bin/../lib/gcc/arm-none-eabi/10.2.1/../../../../arm-none-eabi/lib/thumb/v6-m/nofp\libc.a(lib_a-sbrkr.o) (errno)

Discarded input sections

 .text          0x00000000        0x0 c:/progra~2/gnuarm~1/102020~1/bin/../lib/gcc/arm-none-eabi/10.2.1/thumb/v6-m/nofp/crti.o
 .data          0x00000000        0x0 c:/progra~2/gnuarm~1/102020~1/bin/../lib/gcc/arm-none-eabi/10.2.1/thumb/v6-m/nofp/crti.o
 .bss           0x00000000        0x0 c:/progra~2/gnuarm~1/102020~1/bin/../lib/gcc/arm-none-eabi/10.2.1/thumb/v6-m/nofp/crti.o
[...]
Memory Configuration

Name             Origin             Length             Attributes
FLASH            0x10000000         0x00200000         xr
RAM              0x20000000         0x00040000         xrw
SCRATCH_X        0x20040000         0x00001000         xrw
SCRATCH_Y        0x20041000         0x00001000         xrw
*default*        0x00000000         0xffffffff

Linker script and memory map

LOAD c:/progra~2/gnuarm~1/102020~1/bin/../lib/gcc/arm-none-eabi/10.2.1/thumb/v6-m/nofp/crti.o
LOAD c:/progra~2/gnuarm~1/102020~1/bin/../lib/gcc/arm-none-eabi/10.2.1/thumb/v6-m/nofp/crtbegin.o
LOAD c:/progra~2/gnuarm~1/102020~1/bin/../lib/gcc/arm-none-eabi/10.2.1/../../../../arm-none-eabi/lib/thumb/v6-m/nofp/crt0.o

.flash_begin    0x10000000        0x0
                0x10000000                __flash_binary_start = .

.boot2          0x10000000      0x100
                0x10000000                __boot2_start__ = .
 *(.boot2)
 .boot2         0x10000000      0x100 C:\Users\Keita\AppData\Local\Temp\ccI3uSAc.o
                0x10000100                __boot2_end__ = .
                0x00000001                ASSERT (((__boot2_end__ - __boot2_start__) == 0x100), ERROR: Pico second stage bootloader must be 256 bytes in size)

.flashtext      0x10000100      0x1e0
                0x10000100                __logical_binary_start = .
 *(.vectors)
 .vectors       0x10000100       0xd4 CMakeFiles/nixiev_firmware.dir/F_/ElectricWorks/NixieV/firmware/pico/pico-sdk/src/rp2_common/pico_standard_link/crt0.S.obj
                0x10000100                __VECTOR_TABLE
                0x10000100                __vectors
                0x100001c0                isr_invalid
                0x100001c0                __default_isrs_start
                0x100001c2                isr_nmi
                0x100001c4                isr_hardfault
                0x100001c6                isr_svcall
                0x100001c8                isr_pendsv
                0x100001ca                isr_systick
                0x100001cc                isr_irq23
                0x100001cc                isr_irq18
                0x100001cc                isr_irq11
                0x100001cc                isr_irq28
                0x100001cc                isr_irq19
                0x100001cc                isr_irq0
                0x100001cc                isr_irq6
                0x100001cc                isr_irq5
                0x100001cc                isr_irq12
                0x100001cc                isr_irq22
                0x100001cc                isr_irq31
                0x100001cc                isr_irq17
                0x100001cc                isr_irq27
                0x100001cc                isr_irq30
                0x100001cc                isr_irq2
                0x100001cc                isr_irq10
                0x100001cc                isr_irq8
                0x100001cc                isr_irq24
                0x100001cc                isr_irq1
                0x100001cc                isr_irq7
                0x100001cc                isr_irq21
                0x100001cc                isr_irq20
                0x100001cc                isr_irq15
                0x100001cc                isr_irq25
                0x100001cc                isr_irq13
                0x100001cc                __unhandled_user_irq
                0x100001cc                isr_irq4
                0x100001cc                isr_irq16
                0x100001cc                isr_irq29
                0x100001cc                isr_irq26
                0x100001cc                __default_isrs_end
                0x100001cc                isr_irq3
                0x100001cc                isr_irq14
                0x100001cc                isr_irq9
                0x100001d2                unhandled_user_irq_num_in_r0
 *(.binary_info_header)
 .binary_info_header
                0x100001d4       0x14 CMakeFiles/nixiev_firmware.dir/F_/ElectricWorks/NixieV/firmware/pico/pico-sdk/src/rp2_common/pico_standard_link/crt0.S.obj
                0x100001e8                __binary_info_header_end = .
 *(.reset)
 .reset         0x100001e8       0xb4 CMakeFiles/nixiev_firmware.dir/F_/ElectricWorks/NixieV/firmware/pico/pico-sdk/src/rp2_common/pico_standard_link/crt0.S.obj
                0x100001e8                _entry_point
                0x10000272                __get_current_exception
 *fill*         0x1000029c        0x4 
 .reset.__stub  0x100002a0       0x10 linker stubs
 .reset         0x100002b0       0x30 CMakeFiles/nixiev_firmware.dir/F_/ElectricWorks/NixieV/firmware/pico/pico-sdk/src/rp2_common/pico_standard_link/binary_info.c.obj

.rodata         0x100002e0        0x0
 *(SORT_BY_ALIGNMENT(SORT_BY_NAME(.flashdata*)))
                0x100002e0                . = ALIGN (0x4)

.ARM.extab
 *(.ARM.extab* .gnu.linkonce.armextab.*)
                0x100002e0                __exidx_start = .

.ARM.exidx
 *(.ARM.exidx* .gnu.linkonce.armexidx.*)
                0x100002e0                __exidx_end = .
                0x100002e0                . = ALIGN (0x4)
                0x100002e0                __binary_info_start = .

.binary_info    0x100002e0       0x24
 *(.binary_info.keep.*)
 .binary_info.keep.__bi_ptr2015
                0x100002e0        0x4 CMakeFiles/nixiev_firmware.dir/main.c.obj
 .binary_info.keep.__bi_ptr2019
                0x100002e4        0x4 CMakeFiles/nixiev_firmware.dir/main.c.obj
 .binary_info.keep.__bi_ptr22
                0x100002e8        0x4 CMakeFiles/nixiev_firmware.dir/F_/ElectricWorks/NixieV/firmware/pico/pico-sdk/src/rp2_common/pico_standard_link/binary_info.c.obj
 .binary_info.keep.__bi_ptr30
                0x100002ec        0x4 CMakeFiles/nixiev_firmware.dir/F_/ElectricWorks/NixieV/firmware/pico/pico-sdk/src/rp2_common/pico_standard_link/binary_info.c.obj
 .binary_info.keep.__bi_ptr38
                0x100002f0        0x4 CMakeFiles/nixiev_firmware.dir/F_/ElectricWorks/NixieV/firmware/pico/pico-sdk/src/rp2_common/pico_standard_link/binary_info.c.obj
 .binary_info.keep.__bi_ptr44
                0x100002f4        0x4 CMakeFiles/nixiev_firmware.dir/F_/ElectricWorks/NixieV/firmware/pico/pico-sdk/src/rp2_common/pico_standard_link/binary_info.c.obj
 .binary_info.keep.__bi_ptr50
                0x100002f8        0x4 CMakeFiles/nixiev_firmware.dir/F_/ElectricWorks/NixieV/firmware/pico/pico-sdk/src/rp2_common/pico_standard_link/binary_info.c.obj
 .binary_info.keep.__bi_ptr75
                0x100002fc        0x4 CMakeFiles/nixiev_firmware.dir/F_/ElectricWorks/NixieV/firmware/pico/pico-sdk/src/rp2_common/pico_standard_link/binary_info.c.obj
 .binary_info.keep.__bi_ptr81
                0x10000300        0x4 CMakeFiles/nixiev_firmware.dir/F_/ElectricWorks/NixieV/firmware/pico/pico-sdk/src/rp2_common/pico_standard_link/binary_info.c.obj
 *(.binary_info.*)
                0x10000304                __binary_info_end = .
                0x10000304                . = ALIGN (0x4)

.ram_vector_table
                0x20000000       0xc0
 *(.ram_vector_table)
 .ram_vector_table
                0x20000000       0xc0 CMakeFiles/nixiev_firmware.dir/F_/ElectricWorks/NixieV/firmware/pico/pico-sdk/src/rp2_common/pico_runtime/runtime.c.obj
                0x20000000                ram_vector_table

.text           0x200000c0     0x8418 load address 0x10000304
                0x200000c0                __ram_text_start__ = .
 *(.init)
 .init          0x200000c0        0x4 c:/progra~2/gnuarm~1/102020~1/bin/../lib/gcc/arm-none-eabi/10.2.1/thumb/v6-m/nofp/crti.o
                0x200000c0                _init
 *(.text*)
 .text          0x200000c4       0x48 c:/progra~2/gnuarm~1/102020~1/bin/../lib/gcc/arm-none-eabi/10.2.1/thumb/v6-m/nofp/crtbegin.o
 .text.on_uart_rx
                0x2000010c      0x2a0 CMakeFiles/nixiev_firmware.dir/main.c.obj
                0x2000010c                on_uart_rx
 .text.alarm_callback
                0x200003ac       0x60 CMakeFiles/nixiev_firmware.dir/main.c.obj
 .text.core1_entry
                0x2000040c       0x18 CMakeFiles/nixiev_firmware.dir/main.c.obj
                0x2000040c                core1_entry
 .text.timer_alarm0_irq
                0x20000424      0x26c CMakeFiles/nixiev_firmware.dir/main.c.obj
 .text.hardware_init
                0x20000690      0x4e0 CMakeFiles/nixiev_firmware.dir/main.c.obj
                0x20000690                hardware_init
 .text.startup.main
                0x20000b70     0x1f1c CMakeFiles/nixiev_firmware.dir/main.c.obj
                0x20000b70                main
 .text.set_dutys
                0x20002a8c      0x260 CMakeFiles/nixiev_firmware.dir/main.c.obj
                0x20002a8c                set_dutys
 .text.timer_alerm1_irq
                0x20002cec      0x3d8 CMakeFiles/nixiev_firmware.dir/main.c.obj
 .text.get_shift_register_data
                0x200030c4      0x294 CMakeFiles/nixiev_firmware.dir/nixiev.c.obj
                0x200030c4                get_shift_register_data
 .text.disp_num
                0x20003358      0x1fc CMakeFiles/nixiev_firmware.dir/nixiev.c.obj
                0x20003358                disp_num
 .text.read_registers
                0x20003554       0x60 CMakeFiles/nixiev_firmware.dir/nixiev.c.obj
                0x20003554                read_registers
 .text.write_register
                0x200035b4       0x44 CMakeFiles/nixiev_firmware.dir/nixiev.c.obj
                0x200035b4                write_register
 .text.read_compensation_parameters
                0x200035f8      0x154 CMakeFiles/nixiev_firmware.dir/nixiev.c.obj
                0x200035f8                read_compensation_parameters
 .text.init_pink
                0x2000374c       0x78 CMakeFiles/nixiev_firmware.dir/nixiev.c.obj
                0x2000374c                init_pink
 .text.pinkfilter
                0x200037c4      0x660 CMakeFiles/nixiev_firmware.dir/nixiev.c.obj
                0x200037c4                pinkfilter
 .text.flash_write
                0x20003e24       0x44 CMakeFiles/nixiev_firmware.dir/nixiev.c.obj
                0x20003e24                flash_write
 .text.flash_read
                0x20003e68       0x1c CMakeFiles/nixiev_firmware.dir/nixiev.c.obj
                0x20003e68                flash_read
 .text.gpio_set_function
                0x20003e84       0x30 CMakeFiles/nixiev_firmware.dir/F_/ElectricWorks/NixieV/firmware/pico/pico-sdk/src/rp2_common/hardware_gpio/gpio.c.obj
                0x20003e84                gpio_set_function
 .text.gpio_set_pulls
                0x20003eb4       0x30 CMakeFiles/nixiev_firmware.dir/F_/ElectricWorks/NixieV/firmware/pico/pico-sdk/src/rp2_common/hardware_gpio/gpio.c.obj
                0x20003eb4                gpio_set_pulls
 .text.gpio_set_input_enabled
                0x20003ee4       0x28 CMakeFiles/nixiev_firmware.dir/F_/ElectricWorks/NixieV/firmware/pico/pico-sdk/src/rp2_common/hardware_gpio/gpio.c.obj
                0x20003ee4                gpio_set_input_enabled
 .text.gpio_init
                0x20003f0c       0x3c CMakeFiles/nixiev_firmware.dir/F_/ElectricWorks/NixieV/firmware/pico/pico-sdk/src/rp2_common/hardware_gpio/gpio.c.obj
                0x20003f0c                gpio_init
 .text.hw_claim_or_assert
                0x20003f48       0x44 CMakeFiles/nixiev_firmware.dir/F_/ElectricWorks/NixieV/firmware/pico/pico-sdk/src/rp2_common/hardware_claim/claim.c.obj
                0x20003f48                hw_claim_or_assert
 .text.running_on_fpga
                0x20003f8c       0x10 CMakeFiles/nixiev_firmware.dir/F_/ElectricWorks/NixieV/firmware/pico/pico-sdk/src/rp2_common/pico_platform/platform.c.obj
                0x20003f8c                running_on_fpga
 .text.spin_locks_reset
                0x20003f9c       0x1c CMakeFiles/nixiev_firmware.dir/F_/ElectricWorks/NixieV/firmware/pico/pico-sdk/src/rp2_common/hardware_sync/sync.c.obj
                0x20003f9c                spin_locks_reset
 .text.next_striped_spin_lock_num
                0x20003fb8       0x18 CMakeFiles/nixiev_firmware.dir/F_/ElectricWorks/NixieV/firmware/pico/pico-sdk/src/rp2_common/hardware_sync/sync.c.obj
                0x20003fb8                next_striped_spin_lock_num
 .text.uart_init
                0x20003fd0       0xe0 CMakeFiles/nixiev_firmware.dir/F_/ElectricWorks/NixieV/firmware/pico/pico-sdk/src/rp2_common/hardware_uart/uart.c.obj
                0x20003fd0                uart_init
 .text.uart_set_baudrate
                0x200040b0       0x68 CMakeFiles/nixiev_firmware.dir/F_/ElectricWorks/NixieV/firmware/pico/pico-sdk/src/rp2_common/hardware_uart/uart.c.obj
                0x200040b0                uart_set_baudrate
 .text.timer_pool_entry_comparator
                0x20004118       0x34 CMakeFiles/nixiev_firmware.dir/F_/ElectricWorks/NixieV/firmware/pico/pico-sdk/src/common/pico_time/time.c.obj
                0x20004118                timer_pool_entry_comparator
 .text.sleep_until_callback
                0x2000414c       0x30 CMakeFiles/nixiev_firmware.dir/F_/ElectricWorks/NixieV/firmware/pico/pico-sdk/src/common/pico_time/time.c.obj
 .text.add_alarm_under_lock.isra.0
                0x2000417c      0x100 CMakeFiles/nixiev_firmware.dir/F_/ElectricWorks/NixieV/firmware/pico/pico-sdk/src/common/pico_time/time.c.obj
 .text.alarm_pool_alarm_callback
                0x2000427c      0x1c8 CMakeFiles/nixiev_firmware.dir/F_/ElectricWorks/NixieV/firmware/pico/pico-sdk/src/common/pico_time/time.c.obj
 .text.alarm_pool_add_alarm_at.constprop.0
                0x20004444      0x11c CMakeFiles/nixiev_firmware.dir/F_/ElectricWorks/NixieV/firmware/pico/pico-sdk/src/common/pico_time/time.c.obj
 .text.alarm_pool_init_default
                0x20004560       0x64 CMakeFiles/nixiev_firmware.dir/F_/ElectricWorks/NixieV/firmware/pico/pico-sdk/src/common/pico_time/time.c.obj
                0x20004560                alarm_pool_init_default
 .text.sleep_until
                0x200045c4       0xac CMakeFiles/nixiev_firmware.dir/F_/ElectricWorks/NixieV/firmware/pico/pico-sdk/src/common/pico_time/time.c.obj
                0x200045c4                sleep_until
 .text.sleep_us
                0x20004670       0x30 CMakeFiles/nixiev_firmware.dir/F_/ElectricWorks/NixieV/firmware/pico/pico-sdk/src/common/pico_time/time.c.obj
                0x20004670                sleep_us
 .text.sleep_ms
                0x200046a0       0x38 CMakeFiles/nixiev_firmware.dir/F_/ElectricWorks/NixieV/firmware/pico/pico-sdk/src/common/pico_time/time.c.obj
                0x200046a0                sleep_ms
 .text.hardware_alarm_irq_handler
                0x200046d8       0xb8 CMakeFiles/nixiev_firmware.dir/F_/ElectricWorks/NixieV/firmware/pico/pico-sdk/src/rp2_common/hardware_timer/timer.c.obj
 .text.hardware_alarm_claim
                0x20004790       0x18 CMakeFiles/nixiev_firmware.dir/F_/ElectricWorks/NixieV/firmware/pico/pico-sdk/src/rp2_common/hardware_timer/timer.c.obj
                0x20004790                hardware_alarm_claim
 .text.time_us_64
                0x200047a8       0x14 CMakeFiles/nixiev_firmware.dir/F_/ElectricWorks/NixieV/firmware/pico/pico-sdk/src/rp2_common/hardware_timer/timer.c.obj
                0x200047a8                time_us_64
 .text.busy_wait_until
                0x200047bc       0x20 CMakeFiles/nixiev_firmware.dir/F_/ElectricWorks/NixieV/firmware/pico/pico-sdk/src/rp2_common/hardware_timer/timer.c.obj
                0x200047bc                busy_wait_until
 .text.hardware_alarm_set_callback
                0x200047dc       0x8c CMakeFiles/nixiev_firmware.dir/F_/ElectricWorks/NixieV/firmware/pico/pico-sdk/src/rp2_common/hardware_timer/timer.c.obj
                0x200047dc                hardware_alarm_set_callback
 .text.hardware_alarm_set_target
                0x20004868       0xe0 CMakeFiles/nixiev_firmware.dir/F_/ElectricWorks/NixieV/firmware/pico/pico-sdk/src/rp2_common/hardware_timer/timer.c.obj
                0x20004868                hardware_alarm_set_target
 .text.hardware_alarm_cancel
                0x20004948       0x3c CMakeFiles/nixiev_firmware.dir/F_/ElectricWorks/NixieV/firmware/pico/pico-sdk/src/rp2_common/hardware_timer/timer.c.obj
                0x20004948                hardware_alarm_cancel
 .text.lock_init
                0x20004984       0x10 CMakeFiles/nixiev_firmware.dir/F_/ElectricWorks/NixieV/firmware/pico/pico-sdk/src/common/pico_sync/lock_core.c.obj
                0x20004984                lock_init
 .text.mutex_init
                0x20004994       0x1c CMakeFiles/nixiev_firmware.dir/F_/ElectricWorks/NixieV/firmware/pico/pico-sdk/src/common/pico_sync/mutex.c.obj
                0x20004994                mutex_init
 .text.recursive_mutex_init
                0x200049b0       0x1c CMakeFiles/nixiev_firmware.dir/F_/ElectricWorks/NixieV/firmware/pico/pico-sdk/src/common/pico_sync/mutex.c.obj
                0x200049b0                recursive_mutex_init
 .text.ph_merge_nodes
                0x200049cc       0x68 CMakeFiles/nixiev_firmware.dir/F_/ElectricWorks/NixieV/firmware/pico/pico-sdk/src/common/pico_util/pheap.c.obj
 .text.ph_post_alloc_init
                0x20004a34       0x3c CMakeFiles/nixiev_firmware.dir/F_/ElectricWorks/NixieV/firmware/pico/pico-sdk/src/common/pico_util/pheap.c.obj
                0x20004a34                ph_post_alloc_init
 .text.ph_merge_two_pass
                0x20004a70       0x90 CMakeFiles/nixiev_firmware.dir/F_/ElectricWorks/NixieV/firmware/pico/pico-sdk/src/common/pico_util/pheap.c.obj
                0x20004a70                ph_merge_two_pass
 .text.ph_remove_any_head
                0x20004b00       0xf8 CMakeFiles/nixiev_firmware.dir/F_/ElectricWorks/NixieV/firmware/pico/pico-sdk/src/common/pico_util/pheap.c.obj
 .text.ph_remove_head
                0x20004bf8       0xfc CMakeFiles/nixiev_firmware.dir/F_/ElectricWorks/NixieV/firmware/pico/pico-sdk/src/common/pico_util/pheap.c.obj
                0x20004bf8                ph_remove_head
 .text.ph_remove_and_free_node
                0x20004cf4       0x7c CMakeFiles/nixiev_firmware.dir/F_/ElectricWorks/NixieV/firmware/pico/pico-sdk/src/common/pico_util/pheap.c.obj
                0x20004cf4                ph_remove_and_free_node
 .text.runtime_init
                0x20004d70       0xf0 CMakeFiles/nixiev_firmware.dir/F_/ElectricWorks/NixieV/firmware/pico/pico-sdk/src/rp2_common/pico_runtime/runtime.c.obj
                0x20004d70                runtime_init
 .text.exit     0x20004e60        0x4 CMakeFiles/nixiev_firmware.dir/F_/ElectricWorks/NixieV/firmware/pico/pico-sdk/src/rp2_common/pico_runtime/runtime.c.obj
                0x20004e60                exit
 .text.panic    0x20004e64       0x30 CMakeFiles/nixiev_firmware.dir/F_/ElectricWorks/NixieV/firmware/pico/pico-sdk/src/rp2_common/pico_runtime/runtime.c.obj
                0x20004e64                panic
 .text.hard_assertion_failure
                0x20004e94        0xc CMakeFiles/nixiev_firmware.dir/F_/ElectricWorks/NixieV/firmware/pico/pico-sdk/src/rp2_common/pico_runtime/runtime.c.obj
                0x20004e94                hard_assertion_failure
 .text.clock_configure
                0x20004ea0      0x114 CMakeFiles/nixiev_firmware.dir/F_/ElectricWorks/NixieV/firmware/pico/pico-sdk/src/rp2_common/hardware_clocks/clocks.c.obj
                0x20004ea0                clock_configure
 .text.clocks_init
                0x20004fb4      0x2bc CMakeFiles/nixiev_firmware.dir/F_/ElectricWorks/NixieV/firmware/pico/pico-sdk/src/rp2_common/hardware_clocks/clocks.c.obj
                0x20004fb4                clocks_init
 .text.clock_get_hz
                0x20005270        0xc CMakeFiles/nixiev_firmware.dir/F_/ElectricWorks/NixieV/firmware/pico/pico-sdk/src/rp2_common/hardware_clocks/clocks.c.obj
                0x20005270                clock_get_hz
 .text.irq_set_enabled
                0x2000527c       0x24 CMakeFiles/nixiev_firmware.dir/F_/ElectricWorks/NixieV/firmware/pico/pico-sdk/src/rp2_common/hardware_irq/irq.c.obj
                0x2000527c                irq_set_enabled
 .text.irq_is_enabled
                0x200052a0       0x18 CMakeFiles/nixiev_firmware.dir/F_/ElectricWorks/NixieV/firmware/pico/pico-sdk/src/rp2_common/hardware_irq/irq.c.obj
                0x200052a0                irq_is_enabled
 .text.irq_get_vtable_handler
                0x200052b8       0x10 CMakeFiles/nixiev_firmware.dir/F_/ElectricWorks/NixieV/firmware/pico/pico-sdk/src/rp2_common/hardware_irq/irq.c.obj
                0x200052b8                irq_get_vtable_handler
 .text.irq_set_exclusive_handler
                0x200052c8       0x54 CMakeFiles/nixiev_firmware.dir/F_/ElectricWorks/NixieV/firmware/pico/pico-sdk/src/rp2_common/hardware_irq/irq.c.obj
                0x200052c8                irq_set_exclusive_handler
 .text.irq_remove_handler
                0x2000531c      0x1b4 CMakeFiles/nixiev_firmware.dir/F_/ElectricWorks/NixieV/firmware/pico/pico-sdk/src/rp2_common/hardware_irq/irq.c.obj
                0x2000531c                irq_remove_handler
 .text.irq_add_tail_to_free_list
                0x200054d0       0xb4 CMakeFiles/nixiev_firmware.dir/F_/ElectricWorks/NixieV/firmware/pico/pico-sdk/src/rp2_common/hardware_irq/irq.c.obj
                0x200054d0                irq_add_tail_to_free_list
 .text.irq_init_priorities
                0x20005584       0x24 CMakeFiles/nixiev_firmware.dir/F_/ElectricWorks/NixieV/firmware/pico/pico-sdk/src/rp2_common/hardware_irq/irq.c.obj
                0x20005584                irq_init_priorities
 .text.pll_init
                0x200055a8       0xa8 CMakeFiles/nixiev_firmware.dir/F_/ElectricWorks/NixieV/firmware/pico/pico-sdk/src/rp2_common/hardware_pll/pll.c.obj
                0x200055a8                pll_init
 .text.watchdog_start_tick
                0x20005650       0x10 CMakeFiles/nixiev_firmware.dir/F_/ElectricWorks/NixieV/firmware/pico/pico-sdk/src/rp2_common/hardware_watchdog/watchdog.c.obj
                0x20005650                watchdog_start_tick
 .text.xosc_init
                0x20005660       0x28 CMakeFiles/nixiev_firmware.dir/F_/ElectricWorks/NixieV/firmware/pico/pico-sdk/src/rp2_common/hardware_xosc/xosc.c.obj
                0x20005660                xosc_init
 .text._out_buffer
                0x20005688        0x8 CMakeFiles/nixiev_firmware.dir/F_/ElectricWorks/NixieV/firmware/pico/pico-sdk/src/rp2_common/pico_printf/printf.c.obj
 .text._out_null
                0x20005690        0x4 CMakeFiles/nixiev_firmware.dir/F_/ElectricWorks/NixieV/firmware/pico/pico-sdk/src/rp2_common/pico_printf/printf.c.obj
 .text._out_rev
                0x20005694       0x9c CMakeFiles/nixiev_firmware.dir/F_/ElectricWorks/NixieV/firmware/pico/pico-sdk/src/rp2_common/pico_printf/printf.c.obj
 .text._ntoa_format
                0x20005730      0x1cc CMakeFiles/nixiev_firmware.dir/F_/ElectricWorks/NixieV/firmware/pico/pico-sdk/src/rp2_common/pico_printf/printf.c.obj
 .text._out_char
                0x200058fc       0x10 CMakeFiles/nixiev_firmware.dir/F_/ElectricWorks/NixieV/firmware/pico/pico-sdk/src/rp2_common/pico_printf/printf.c.obj
 .text._etoa    0x2000590c      0x44c CMakeFiles/nixiev_firmware.dir/F_/ElectricWorks/NixieV/firmware/pico/pico-sdk/src/rp2_common/pico_printf/printf.c.obj
 .text._ftoa    0x20005d58      0x398 CMakeFiles/nixiev_firmware.dir/F_/ElectricWorks/NixieV/firmware/pico/pico-sdk/src/rp2_common/pico_printf/printf.c.obj
 .text._vsnprintf
                0x200060f0      0xb04 CMakeFiles/nixiev_firmware.dir/F_/ElectricWorks/NixieV/firmware/pico/pico-sdk/src/rp2_common/pico_printf/printf.c.obj
 .text.__wrap_sprintf
                0x20006bf4       0x28 CMakeFiles/nixiev_firmware.dir/F_/ElectricWorks/NixieV/firmware/pico/pico-sdk/src/rp2_common/pico_printf/printf.c.obj
                0x20006bf4                __wrap_sprintf
 .text.weak_raw_vprintf
                0x20006c1c       0x30 CMakeFiles/nixiev_firmware.dir/F_/ElectricWorks/NixieV/firmware/pico/pico-sdk/src/rp2_common/pico_printf/printf.c.obj
                0x20006c1c                weak_raw_vprintf
 .text          0x20006c4c       0x10 CMakeFiles/nixiev_firmware.dir/F_/ElectricWorks/NixieV/firmware/pico/pico-sdk/src/rp2_common/pico_bit_ops/bit_ops_aeabi.S.obj
 .text.rom_func_lookup
                0x20006c5c       0x10 CMakeFiles/nixiev_firmware.dir/F_/ElectricWorks/NixieV/firmware/pico/pico-sdk/src/rp2_common/pico_bootrom/bootrom.c.obj
                0x20006c5c                rom_func_lookup
 .text.rom_data_lookup
                0x20006c6c       0x10 CMakeFiles/nixiev_firmware.dir/F_/ElectricWorks/NixieV/firmware/pico/pico-sdk/src/rp2_common/pico_bootrom/bootrom.c.obj
                0x20006c6c                rom_data_lookup
 .text.rom_funcs_lookup
                0x20006c7c       0x44 CMakeFiles/nixiev_firmware.dir/F_/ElectricWorks/NixieV/firmware/pico/pico-sdk/src/rp2_common/pico_bootrom/bootrom.c.obj
                0x20006c7c                rom_funcs_lookup
 .text.__wrap___aeabi_idiv
                0x20006cc0       0x50 CMakeFiles/nixiev_firmware.dir/F_/ElectricWorks/NixieV/firmware/pico/pico-sdk/src/rp2_common/pico_divider/divider.S.obj
                0x20006cc0                __wrap___aeabi_idivmod
                0x20006cc0                divmod_s32s32
                0x20006cc0                div_s32s32
                0x20006cc0                __wrap___aeabi_idiv
                0x20006cc8                divmod_s32s32_unsafe
                0x20006cf4                divmod_s32s32_savestate
 .text.__wrap___aeabi_uidiv
                0x20006d10       0x4c CMakeFiles/nixiev_firmware.dir/F_/ElectricWorks/NixieV/firmware/pico/pico-sdk/src/rp2_common/pico_divider/divider.S.obj
                0x20006d10                __wrap___aeabi_uidiv
                0x20006d10                __wrap___aeabi_uidivmod
                0x20006d10                div_u32u32
                0x20006d10                divmod_u32u32
                0x20006d18                divmod_u32u32_unsafe
                0x20006d40                divmod_u32u32_savestate
 .text.__wrap___aeabi_ldiv
                0x20006d5c      0x434 CMakeFiles/nixiev_firmware.dir/F_/ElectricWorks/NixieV/firmware/pico/pico-sdk/src/rp2_common/pico_divider/divider.S.obj
                0x20006d5c                div_s64s64
                0x20006d5c                divmod_s64s64
                0x20006d5c                __wrap___aeabi_ldivmod
                0x20006d94                divmod_u64u64
                0x20006d94                div_u64u64
                0x20006d94                __wrap___aeabi_uldivmod
                0x20006da4                divmod_u64u64_savestate
                0x20006dcc                divmod_s64s64_unsafe
                0x20006e54                divmod_u64u64_unsafe
 .text.__wrap___aeabi_darithmetic
                0x20007190       0x80 CMakeFiles/nixiev_firmware.dir/F_/ElectricWorks/NixieV/firmware/pico/pico-sdk/src/rp2_common/pico_double/double_aeabi.S.obj
                0x20007190                __wrap___aeabi_drsub
                0x20007196                __wrap___aeabi_dsub
                0x200071a8                __wrap___aeabi_dadd
                0x200071ba                __wrap___aeabi_ddiv
                0x200071f6                __wrap___aeabi_dmul
 .text.__wrap___aeabi_cdcmple
                0x20007210       0x6c CMakeFiles/nixiev_firmware.dir/F_/ElectricWorks/NixieV/firmware/pico/pico-sdk/src/rp2_common/pico_double/double_aeabi.S.obj
                0x20007210                __wrap___aeabi_cdrcmple
                0x20007220                __wrap___aeabi_cdcmpeq
                0x20007220                __wrap___aeabi_cdcmple
 .text.__wrap___aeabi_dcmplt
                0x2000727c        0xc CMakeFiles/nixiev_firmware.dir/F_/ElectricWorks/NixieV/firmware/pico/pico-sdk/src/rp2_common/pico_double/double_aeabi.S.obj
                0x2000727c                __wrap___aeabi_dcmplt
 .text.__wrap___aeabi_dcmple
                0x20007288       0x10 CMakeFiles/nixiev_firmware.dir/F_/ElectricWorks/NixieV/firmware/pico/pico-sdk/src/rp2_common/pico_double/double_aeabi.S.obj
                0x20007288                __wrap___aeabi_dcmple
 .text.__wrap___aeabi_dcmpge
                0x20007298       0x10 CMakeFiles/nixiev_firmware.dir/F_/ElectricWorks/NixieV/firmware/pico/pico-sdk/src/rp2_common/pico_double/double_aeabi.S.obj
                0x20007298                __wrap___aeabi_dcmpge
 .text.__wrap___aeabi_dcmpgt
                0x200072a8        0xa CMakeFiles/nixiev_firmware.dir/F_/ElectricWorks/NixieV/firmware/pico/pico-sdk/src/rp2_common/pico_double/double_aeabi.S.obj
                0x200072a8                __wrap___aeabi_dcmpgt
 .text.__wrap___aeabi_dcmpun
                0x200072b2       0x1c CMakeFiles/nixiev_firmware.dir/F_/ElectricWorks/NixieV/firmware/pico/pico-sdk/src/rp2_common/pico_double/double_aeabi.S.obj
                0x200072b2                __wrap___aeabi_dcmpun
 *fill*         0x200072ce        0x2 
 .text.__wrap___aeabi_i2d
                0x200072d0       0x38 CMakeFiles/nixiev_firmware.dir/F_/ElectricWorks/NixieV/firmware/pico/pico-sdk/src/rp2_common/pico_double/double_aeabi.S.obj
                0x200072d0                __wrap___aeabi_ui2d
                0x200072d8                __wrap___aeabi_i2d
 .text.__wrap___aeabi_d2iz
                0x20007308       0x48 CMakeFiles/nixiev_firmware.dir/F_/ElectricWorks/NixieV/firmware/pico/pico-sdk/src/rp2_common/pico_double/double_aeabi.S.obj
                0x20007308                double2int_z
                0x20007308                __wrap___aeabi_d2iz
 .text.__wrap___aeabi_d2uiz
                0x20007350       0x18 CMakeFiles/nixiev_firmware.dir/F_/ElectricWorks/NixieV/firmware/pico/pico-sdk/src/rp2_common/pico_double/double_aeabi.S.obj
                0x20007350                __wrap___aeabi_d2uiz
                0x20007350                double2uint
 .text.__wrap___aeabi_d2f
                0x20007368       0x18 CMakeFiles/nixiev_firmware.dir/F_/ElectricWorks/NixieV/firmware/pico/pico-sdk/src/rp2_common/pico_double/double_aeabi.S.obj
                0x20007368                __wrap___aeabi_d2f
 .text.__aeabi_double_init
                0x20007380       0x94 CMakeFiles/nixiev_firmware.dir/F_/ElectricWorks/NixieV/firmware/pico/pico-sdk/src/rp2_common/pico_double/double_init_rom.c.obj
                0x20007380                __aeabi_double_init
 .text.double_table_shim_on_use_helper
                0x20007414       0x2c CMakeFiles/nixiev_firmware.dir/F_/ElectricWorks/NixieV/firmware/pico/pico-sdk/src/rp2_common/pico_double/double_v1_rom_shim.S.obj
                0x20007414                double_table_shim_on_use_helper
 .text.__wrap___aeabi_dsub
                0x20007440       0x10 CMakeFiles/nixiev_firmware.dir/F_/ElectricWorks/NixieV/firmware/pico/pico-sdk/src/rp2_common/pico_double/double_v1_rom_shim.S.obj
                0x20007440                drsub_shim
                0x20007446                dsub_shim
 .text.dadd_shim
                0x20007450      0x15c CMakeFiles/nixiev_firmware.dir/F_/ElectricWorks/NixieV/firmware/pico/pico-sdk/src/rp2_common/pico_double/double_v1_rom_shim.S.obj
                0x20007450                dadd_shim
 .text.dmul_shim
                0x200075ac      0x15c CMakeFiles/nixiev_firmware.dir/F_/ElectricWorks/NixieV/firmware/pico/pico-sdk/src/rp2_common/pico_double/double_v1_rom_shim.S.obj
                0x200075ac                dmul_shim
 .text.ddiv_shim
                0x20007708      0x1b0 CMakeFiles/nixiev_firmware.dir/F_/ElectricWorks/NixieV/firmware/pico/pico-sdk/src/rp2_common/pico_double/double_v1_rom_shim.S.obj
                0x20007708                ddiv_shim
 .text.double2uint_shim
                0x200078b8        0xe CMakeFiles/nixiev_firmware.dir/F_/ElectricWorks/NixieV/firmware/pico/pico-sdk/src/rp2_common/pico_double/double_v1_rom_shim.S.obj
                0x200078b8                double2uint_shim
                0x200078ba                double2ufix_shim
 *fill*         0x200078c6        0x2 
 .text.double2uint64_shim
                0x200078c8       0x70 CMakeFiles/nixiev_firmware.dir/F_/ElectricWorks/NixieV/firmware/pico/pico-sdk/src/rp2_common/pico_double/double_v1_rom_shim.S.obj
                0x200078c8                double2uint64_shim
                0x200078ca                double2ufix64_shim
                0x200078ea                d2fix_a
 .text.double2float_shim
                0x20007938       0x5c CMakeFiles/nixiev_firmware.dir/F_/ElectricWorks/NixieV/firmware/pico/pico-sdk/src/rp2_common/pico_double/double_v1_rom_shim.S.obj
                0x20007938                double2float_shim
 .text.dunpacks
                0x20007994       0x3c CMakeFiles/nixiev_firmware.dir/F_/ElectricWorks/NixieV/firmware/pico/pico-sdk/src/rp2_common/pico_double/double_v1_rom_shim.S.obj
                0x20007994                dunpacks
 .text.__aeabi_lmul
                0x200079d0       0x32 CMakeFiles/nixiev_firmware.dir/F_/ElectricWorks/NixieV/firmware/pico/pico-sdk/src/rp2_common/pico_int64_ops/pico_int64_ops_aeabi.S.obj
                0x200079d0                __wrap___aeabi_lmul
 *fill*         0x20007a02        0x2 
 .text.__wrap___aeabi_farithmetic
                0x20007a04       0x48 CMakeFiles/nixiev_firmware.dir/F_/ElectricWorks/NixieV/firmware/pico/pico-sdk/src/rp2_common/pico_float/float_aeabi.S.obj
                0x20007a04                __wrap___aeabi_frsub
                0x20007a0a                __wrap___aeabi_fsub
                0x20007a10                __wrap___aeabi_fadd
                0x20007a16                __wrap___aeabi_fdiv
                0x20007a3e                __wrap___aeabi_fmul
 .text.__wrap___aeabi_i2f
                0x20007a4c       0x44 CMakeFiles/nixiev_firmware.dir/F_/ElectricWorks/NixieV/firmware/pico/pico-sdk/src/rp2_common/pico_float/float_aeabi.S.obj
                0x20007a4c                __wrap___aeabi_i2f
 .text.__wrap___aeabi_f2iz
                0x20007a90       0x4e CMakeFiles/nixiev_firmware.dir/F_/ElectricWorks/NixieV/firmware/pico/pico-sdk/src/rp2_common/pico_float/float_aeabi.S.obj
                0x20007a90                float2int_z
                0x20007a90                __wrap___aeabi_f2iz
 *fill*         0x20007ade        0x2 
 .text.float2int
                0x20007ae0       0x14 CMakeFiles/nixiev_firmware.dir/F_/ElectricWorks/NixieV/firmware/pico/pico-sdk/src/rp2_common/pico_float/float_aeabi.S.obj
                0x20007ae0                float2int
 .text.__wrap___aeabi_f2uiz
                0x20007af4        0xc CMakeFiles/nixiev_firmware.dir/F_/ElectricWorks/NixieV/firmware/pico/pico-sdk/src/rp2_common/pico_float/float_aeabi.S.obj
                0x20007af4                __wrap___aeabi_f2uiz
 .text.__wrap___aeabi_f2d
                0x20007b00       0x14 CMakeFiles/nixiev_firmware.dir/F_/ElectricWorks/NixieV/firmware/pico/pico-sdk/src/rp2_common/pico_float/float_aeabi.S.obj
                0x20007b00                __wrap___aeabi_f2d
 .text.__aeabi_float_init
                0x20007b14       0x64 CMakeFiles/nixiev_firmware.dir/F_/ElectricWorks/NixieV/firmware/pico/pico-sdk/src/rp2_common/pico_float/float_init_rom.c.obj
                0x20007b14                __aeabi_float_init
 .text.float_table_shim_on_use_helper
                0x20007b78       0x2c CMakeFiles/nixiev_firmware.dir/F_/ElectricWorks/NixieV/firmware/pico/pico-sdk/src/rp2_common/pico_float/float_v1_rom_shim.S.obj
                0x20007b78                float_table_shim_on_use_helper
 .text.float232_shims
                0x20007ba4       0x18 CMakeFiles/nixiev_firmware.dir/F_/ElectricWorks/NixieV/firmware/pico/pico-sdk/src/rp2_common/pico_float/float_v1_rom_shim.S.obj
                0x20007ba4                float2int_shim
                0x20007ba6                float2fix_shim
 .text.float2double_shim
                0x20007bbc       0x30 CMakeFiles/nixiev_firmware.dir/F_/ElectricWorks/NixieV/firmware/pico/pico-sdk/src/rp2_common/pico_float/float_v1_rom_shim.S.obj
                0x20007bbc                float2double_shim
 .text          0x20007bec       0x10 CMakeFiles/nixiev_firmware.dir/F_/ElectricWorks/NixieV/firmware/pico/pico-sdk/src/rp2_common/pico_mem_ops/mem_ops_aeabi.S.obj
                0x20007bec                __aeabi_mem_init
 .text.memset   0x20007bfc        0xc CMakeFiles/nixiev_firmware.dir/F_/ElectricWorks/NixieV/firmware/pico/pico-sdk/src/rp2_common/pico_mem_ops/mem_ops_aeabi.S.obj
                0x20007bfc                __wrap_memset
 .text.memcpy   0x20007c08        0xc CMakeFiles/nixiev_firmware.dir/F_/ElectricWorks/NixieV/firmware/pico/pico-sdk/src/rp2_common/pico_mem_ops/mem_ops_aeabi.S.obj
                0x20007c08                __wrap_memcpy
                0x20007c08                __wrap___aeabi_memcpy
 .text.stdio_out_chars_no_crlf
                0x20007c14       0x10 CMakeFiles/nixiev_firmware.dir/F_/ElectricWorks/NixieV/firmware/pico/pico-sdk/src/rp2_common/pico_stdio/stdio.c.obj
 .text.stdio_out_chars_crlf
                0x20007c24       0xb4 CMakeFiles/nixiev_firmware.dir/F_/ElectricWorks/NixieV/firmware/pico/pico-sdk/src/rp2_common/pico_stdio/stdio.c.obj
 .text.stdio_put_string.isra.0
                0x20007cd8       0xfc CMakeFiles/nixiev_firmware.dir/F_/ElectricWorks/NixieV/firmware/pico/pico-sdk/src/rp2_common/pico_stdio/stdio.c.obj
 .text.__wrap_putchar
                0x20007dd4       0xa0 CMakeFiles/nixiev_firmware.dir/F_/ElectricWorks/NixieV/firmware/pico/pico-sdk/src/rp2_common/pico_stdio/stdio.c.obj
                0x20007dd4                __wrap_putchar
 .text.__wrap_puts
                0x20007e74       0x3c CMakeFiles/nixiev_firmware.dir/F_/ElectricWorks/NixieV/firmware/pico/pico-sdk/src/rp2_common/pico_stdio/stdio.c.obj
                0x20007e74                __wrap_puts
 .text.adc_init
                0x20007eb0       0x38 CMakeFiles/nixiev_firmware.dir/F_/ElectricWorks/NixieV/firmware/pico/pico-sdk/src/rp2_common/hardware_adc/adc.c.obj
                0x20007eb0                adc_init
 .text.spi_init
                0x20007ee8       0xf8 CMakeFiles/nixiev_firmware.dir/F_/ElectricWorks/NixieV/firmware/pico/pico-sdk/src/rp2_common/hardware_spi/spi.c.obj
                0x20007ee8                spi_init
 .text.rtc_irq_handler
                0x20007fe0       0x54 CMakeFiles/nixiev_firmware.dir/F_/ElectricWorks/NixieV/firmware/pico/pico-sdk/src/rp2_common/hardware_rtc/rtc.c.obj
 .text.rtc_init
                0x20008034       0x38 CMakeFiles/nixiev_firmware.dir/F_/ElectricWorks/NixieV/firmware/pico/pico-sdk/src/rp2_common/hardware_rtc/rtc.c.obj
                0x20008034                rtc_init
 .text.rtc_set_datetime
                0x2000806c       0xac CMakeFiles/nixiev_firmware.dir/F_/ElectricWorks/NixieV/firmware/pico/pico-sdk/src/rp2_common/hardware_rtc/rtc.c.obj
                0x2000806c                rtc_set_datetime
 .text.rtc_get_datetime
                0x20008118       0x44 CMakeFiles/nixiev_firmware.dir/F_/ElectricWorks/NixieV/firmware/pico/pico-sdk/src/rp2_common/hardware_rtc/rtc.c.obj
                0x20008118                rtc_get_datetime
 .text.rtc_set_alarm
                0x2000815c      0x178 CMakeFiles/nixiev_firmware.dir/F_/ElectricWorks/NixieV/firmware/pico/pico-sdk/src/rp2_common/hardware_rtc/rtc.c.obj
                0x2000815c                rtc_set_alarm
 .text.core1_trampoline
                0x200082d4        0x4 CMakeFiles/nixiev_firmware.dir/F_/ElectricWorks/NixieV/firmware/pico/pico-sdk/src/rp2_common/pico_multicore/multicore.c.obj
 .text.core1_wrapper
                0x200082d8        0xc CMakeFiles/nixiev_firmware.dir/F_/ElectricWorks/NixieV/firmware/pico/pico-sdk/src/rp2_common/pico_multicore/multicore.c.obj
                0x200082d8                core1_wrapper
 .text.multicore_fifo_push_blocking
                0x200082e4       0x14 CMakeFiles/nixiev_firmware.dir/F_/ElectricWorks/NixieV/firmware/pico/pico-sdk/src/rp2_common/pico_multicore/multicore.c.obj
                0x200082e4                multicore_fifo_push_blocking
 .text.multicore_fifo_pop_blocking
                0x200082f8       0x1c CMakeFiles/nixiev_firmware.dir/F_/ElectricWorks/NixieV/firmware/pico/pico-sdk/src/rp2_common/pico_multicore/multicore.c.obj
                0x200082f8                multicore_fifo_pop_blocking
 .text.multicore_launch_core1_raw
                0x20008314       0x84 CMakeFiles/nixiev_firmware.dir/F_/ElectricWorks/NixieV/firmware/pico/pico-sdk/src/rp2_common/pico_multicore/multicore.c.obj
                0x20008314                multicore_launch_core1_raw
 .text.multicore_launch_core1
                0x20008398       0x4c CMakeFiles/nixiev_firmware.dir/F_/ElectricWorks/NixieV/firmware/pico/pico-sdk/src/rp2_common/pico_multicore/multicore.c.obj
                0x20008398                multicore_launch_core1
 .text          0x200083e4        0x4 c:/progra~2/gnuarm~1/102020~1/bin/../lib/gcc/arm-none-eabi/10.2.1/thumb/v6-m/nofp\libgcc.a(_dvmd_tls.o)
                0x200083e4                __aeabi_idiv0
                0x200083e4                __aeabi_ldiv0
 .text.srand    0x200083e8       0x14 c:/progra~2/gnuarm~1/102020~1/bin/../lib/gcc/arm-none-eabi/10.2.1/../../../../arm-none-eabi/lib/thumb/v6-m/nofp\libc.a(lib_a-rand.o)
                0x200083e8                srand
 .text.rand     0x200083fc       0x34 c:/progra~2/gnuarm~1/102020~1/bin/../lib/gcc/arm-none-eabi/10.2.1/../../../../arm-none-eabi/lib/thumb/v6-m/nofp\libc.a(lib_a-rand.o)
                0x200083fc                rand
 .text.random   0x20008430       0x34 c:/progra~2/gnuarm~1/102020~1/bin/../lib/gcc/arm-none-eabi/10.2.1/../../../../arm-none-eabi/lib/thumb/v6-m/nofp\libc.a(lib_a-random.o)
                0x20008430                random
 .text.strlen   0x20008464       0x5c c:/progra~2/gnuarm~1/102020~1/bin/../lib/gcc/arm-none-eabi/10.2.1/../../../../arm-none-eabi/lib/thumb/v6-m/nofp\libc.a(lib_a-strlen-stub.o)
                0x20008464                strlen
 *(.fini)
 .fini          0x200084c0        0x4 c:/progra~2/gnuarm~1/102020~1/bin/../lib/gcc/arm-none-eabi/10.2.1/thumb/v6-m/nofp/crti.o
                0x200084c0                _fini
 *fill*         0x200084c4        0x4 
 .fini.__stub   0x200084c8       0x10 linker stubs
 *crtbegin.o(.ctors)
 *crtbegin?.o(.ctors)
 *(EXCLUDE_FILE(*crtend.o *crtend?.o) .ctors)
 *(SORT_BY_NAME(.ctors.*))
 *(.ctors)
 *crtbegin.o(.dtors)
 *crtbegin?.o(.dtors)
 *(EXCLUDE_FILE(*crtend.o *crtend?.o) .dtors)
 *(SORT_BY_NAME(.dtors.*))
 *(.dtors)
 *(.eh_frame*)
 .eh_frame      0x200084d8        0x0 c:/progra~2/gnuarm~1/102020~1/bin/../lib/gcc/arm-none-eabi/10.2.1/thumb/v6-m/nofp/crtbegin.o
                0x200084d8                . = ALIGN (0x4)
                0x200084d8                __ram_text_end__ = .
                0x10000304                __ram_text_source__ = LOADADDR (.text)

.glue_7         0x200084d8        0x0 load address 0x1000871c
 .glue_7        0x200084d8        0x0 linker stubs

.glue_7t        0x200084d8        0x0 load address 0x1000871c
 .glue_7t       0x200084d8        0x0 linker stubs

.vfp11_veneer   0x200084d8        0x0 load address 0x1000871c
 .vfp11_veneer  0x200084d8        0x0 linker stubs

.v4_bx          0x200084d8        0x0 load address 0x1000871c
 .v4_bx         0x200084d8        0x0 linker stubs

.iplt           0x200084d8        0x0 load address 0x1000871c
 .iplt          0x200084d8        0x0 c:/progra~2/gnuarm~1/102020~1/bin/../lib/gcc/arm-none-eabi/10.2.1/thumb/v6-m/nofp/crtbegin.o

.rel.dyn        0x200084d8        0x0 load address 0x1000871c
 .rel.iplt      0x200084d8        0x0 c:/progra~2/gnuarm~1/102020~1/bin/../lib/gcc/arm-none-eabi/10.2.1/thumb/v6-m/nofp/crtbegin.o

.data           0x200084e0      0xcf4 load address 0x1000871c
                0x200084e0                __data_start__ = .
 *(vtable)
 *(.time_critical*)
 .time_critical.mutex_enter_blocking
                0x200084e0       0x48 CMakeFiles/nixiev_firmware.dir/F_/ElectricWorks/NixieV/firmware/pico/pico-sdk/src/common/pico_sync/mutex.c.obj
                0x200084e0                mutex_enter_blocking
 .time_critical.mutex_try_enter
                0x20008528       0x44 CMakeFiles/nixiev_firmware.dir/F_/ElectricWorks/NixieV/firmware/pico/pico-sdk/src/common/pico_sync/mutex.c.obj
                0x20008528                mutex_try_enter
 .time_critical.mutex_exit
                0x2000856c       0x28 CMakeFiles/nixiev_firmware.dir/F_/ElectricWorks/NixieV/firmware/pico/pico-sdk/src/common/pico_sync/mutex.c.obj
                0x2000856c                mutex_exit
 .time_critical.spi_write_blocking
                0x20008594       0x4c CMakeFiles/nixiev_firmware.dir/F_/ElectricWorks/NixieV/firmware/pico/pico-sdk/src/rp2_common/hardware_spi/spi.c.obj
                0x20008594                spi_write_blocking
 .time_critical.spi_read_blocking
                0x200085e0       0x74 CMakeFiles/nixiev_firmware.dir/F_/ElectricWorks/NixieV/firmware/pico/pico-sdk/src/rp2_common/hardware_spi/spi.c.obj
                0x200085e0                spi_read_blocking
 .time_critical.flash_init_boot2_copyout
                0x20008654       0x30 CMakeFiles/nixiev_firmware.dir/F_/ElectricWorks/NixieV/firmware/pico/pico-sdk/src/rp2_common/hardware_flash/flash.c.obj
 .time_critical.flash_enable_xip_via_boot2
                0x20008684       0x10 CMakeFiles/nixiev_firmware.dir/F_/ElectricWorks/NixieV/firmware/pico/pico-sdk/src/rp2_common/hardware_flash/flash.c.obj
 .time_critical.flash_range_erase
                0x20008694       0x80 CMakeFiles/nixiev_firmware.dir/F_/ElectricWorks/NixieV/firmware/pico/pico-sdk/src/rp2_common/hardware_flash/flash.c.obj
                0x20008694                flash_range_erase
 .time_critical.flash_range_program
                0x20008714       0x80 CMakeFiles/nixiev_firmware.dir/F_/ElectricWorks/NixieV/firmware/pico/pico-sdk/src/rp2_common/hardware_flash/flash.c.obj
                0x20008714                flash_range_program
                0x20008794                . = ALIGN (0x4)
 *(.rodata*)
 .rodata.on_uart_rx
                0x20008794       0x28 CMakeFiles/nixiev_firmware.dir/main.c.obj
 .rodata.hardware_init.str1.4
                0x200087bc        0x5 CMakeFiles/nixiev_firmware.dir/main.c.obj
 *fill*         0x200087c1        0x3 
 .rodata.main   0x200087c4       0x38 CMakeFiles/nixiev_firmware.dir/main.c.obj
 .rodata.timer_alerm1_irq
                0x200087fc       0x68 CMakeFiles/nixiev_firmware.dir/main.c.obj
 .rodata.str1.4
                0x20008864        0x7 CMakeFiles/nixiev_firmware.dir/main.c.obj
 *fill*         0x2000886b        0x1 
 .rodata        0x2000886c       0x10 CMakeFiles/nixiev_firmware.dir/main.c.obj
 .rodata.GPS_HEADER
                0x2000887c        0x7 CMakeFiles/nixiev_firmware.dir/main.c.obj
                0x2000887c                GPS_HEADER
 *fill*         0x20008883        0x1 
 .rodata.__bi_2015.0
                0x20008884        0x8 CMakeFiles/nixiev_firmware.dir/main.c.obj
 .rodata.__bi_2019.1
                0x2000888c        0xc CMakeFiles/nixiev_firmware.dir/main.c.obj
 .rodata.duty_num_comp
                0x20008898       0x30 CMakeFiles/nixiev_firmware.dir/main.c.obj
                0x20008898                duty_num_comp
 .rodata.get_shift_register_data
                0x200088c8       0xc8 CMakeFiles/nixiev_firmware.dir/nixiev.c.obj
 .rodata.CSWTCH.45
                0x20008990       0x50 CMakeFiles/nixiev_firmware.dir/nixiev.c.obj
 .rodata.hardware_alarm_claim.str1.4
                0x200089e0       0x22 CMakeFiles/nixiev_firmware.dir/F_/ElectricWorks/NixieV/firmware/pico/pico-sdk/src/rp2_common/hardware_timer/timer.c.obj
 *fill*         0x20008a02        0x2 
 .rodata.panic.str1.4
                0x20008a04       0x12 CMakeFiles/nixiev_firmware.dir/F_/ElectricWorks/NixieV/firmware/pico/pico-sdk/src/rp2_common/pico_runtime/runtime.c.obj
 *fill*         0x20008a16        0x2 
 .rodata.hard_assertion_failure.str1.4
                0x20008a18        0xc CMakeFiles/nixiev_firmware.dir/F_/ElectricWorks/NixieV/firmware/pico/pico-sdk/src/rp2_common/pico_runtime/runtime.c.obj
 .rodata._ftoa.str1.4
                0x20008a24       0x15 CMakeFiles/nixiev_firmware.dir/F_/ElectricWorks/NixieV/firmware/pico/pico-sdk/src/rp2_common/pico_printf/printf.c.obj
 *fill*         0x20008a39        0x3 
 .rodata._vsnprintf
                0x20008a3c      0x1e0 CMakeFiles/nixiev_firmware.dir/F_/ElectricWorks/NixieV/firmware/pico/pico-sdk/src/rp2_common/pico_printf/printf.c.obj
 *fill*         0x20008c1c        0x4 
 .rodata.pow10.0
                0x20008c20       0x50 CMakeFiles/nixiev_firmware.dir/F_/ElectricWorks/NixieV/firmware/pico/pico-sdk/src/rp2_common/pico_printf/printf.c.obj
 .rodata.str1.4
                0x20008c70       0x44 CMakeFiles/nixiev_firmware.dir/F_/ElectricWorks/NixieV/firmware/pico/pico-sdk/src/rp2_common/pico_standard_link/binary_info.c.obj
 .rodata.__bi_44
                0x20008cb4        0xc CMakeFiles/nixiev_firmware.dir/F_/ElectricWorks/NixieV/firmware/pico/pico-sdk/src/rp2_common/pico_standard_link/binary_info.c.obj
 .rodata.__bi_75
                0x20008cc0        0xc CMakeFiles/nixiev_firmware.dir/F_/ElectricWorks/NixieV/firmware/pico/pico-sdk/src/rp2_common/pico_standard_link/binary_info.c.obj
 .rodata.__bi_81
                0x20008ccc        0xc CMakeFiles/nixiev_firmware.dir/F_/ElectricWorks/NixieV/firmware/pico/pico-sdk/src/rp2_common/pico_standard_link/binary_info.c.obj
 .rodata.crlf_str.0
                0x20008cd8        0x2 CMakeFiles/nixiev_firmware.dir/F_/ElectricWorks/NixieV/firmware/pico/pico-sdk/src/rp2_common/pico_stdio/stdio.c.obj
                0x20008cdc                . = ALIGN (0x4)
 *fill*         0x20008cda        0x2 
 *(.data*)
 .data.flash_target_contents
                0x20008cdc        0x4 CMakeFiles/nixiev_firmware.dir/nixiev.c.obj
                0x20008cdc                flash_target_contents
 .data.striped_spin_lock_num
                0x20008ce0        0x1 CMakeFiles/nixiev_firmware.dir/F_/ElectricWorks/NixieV/firmware/pico/pico-sdk/src/rp2_common/hardware_sync/sync.c.obj
 *fill*         0x20008ce1        0x3 
 .data.default_alarm_pool
                0x20008ce4       0x18 CMakeFiles/nixiev_firmware.dir/F_/ElectricWorks/NixieV/firmware/pico/pico-sdk/src/common/pico_time/time.c.obj
 .data.default_alarm_pool_heap
                0x20008cfc       0x10 CMakeFiles/nixiev_firmware.dir/F_/ElectricWorks/NixieV/firmware/pico/pico-sdk/src/common/pico_time/time.c.obj
 .data          0x20008d0c       0x48 CMakeFiles/nixiev_firmware.dir/F_/ElectricWorks/NixieV/firmware/pico/pico-sdk/src/rp2_common/hardware_irq/irq_handler_chain.S.obj
                0x20008d0c                irq_handler_chain_slots
                0x20008d3c                irq_handler_chain_first_slot
                0x20008d46                irq_handler_chain_remove_tail
 *fill*         0x20008d54        0xc 
 .data.aeabi_bits_funcs
                0x20008d60       0x10 CMakeFiles/nixiev_firmware.dir/F_/ElectricWorks/NixieV/firmware/pico/pico-sdk/src/rp2_common/pico_bit_ops/bit_ops_aeabi.S.obj
                0x20008d60                aeabi_bits_funcs
                0x20008d70                aeabi_bits_funcs_end
 .data.aeabi_mem_funcs
                0x20008d70       0x10 CMakeFiles/nixiev_firmware.dir/F_/ElectricWorks/NixieV/firmware/pico/pico-sdk/src/rp2_common/pico_mem_ops/mem_ops_aeabi.S.obj
                0x20008d70                aeabi_mem_funcs
                0x20008d80                aeabi_mem_funcs_end
 .data._impure_ptr
                0x20008d80        0x4 c:/progra~2/gnuarm~1/102020~1/bin/../lib/gcc/arm-none-eabi/10.2.1/../../../../arm-none-eabi/lib/thumb/v6-m/nofp\libc.a(lib_a-impure.o)
                0x20008d80                _impure_ptr
 *fill*         0x20008d84        0x4 
 .data.impure_data
                0x20008d88      0x428 c:/progra~2/gnuarm~1/102020~1/bin/../lib/gcc/arm-none-eabi/10.2.1/../../../../arm-none-eabi/lib/thumb/v6-m/nofp\libc.a(lib_a-impure.o)
                0x200091b0                . = ALIGN (0x4)
 *(.after_data.*)
                0x200091b0                . = ALIGN (0x4)
                0x200091b0                PROVIDE (__mutex_array_start = .)
 *(SORT_BY_NAME(.mutex_array.*))
 *(.mutex_array)
 .mutex_array   0x200091b0        0x8 CMakeFiles/nixiev_firmware.dir/F_/ElectricWorks/NixieV/firmware/pico/pico-sdk/src/rp2_common/pico_malloc/pico_malloc.c.obj
 .mutex_array   0x200091b8        0x8 CMakeFiles/nixiev_firmware.dir/F_/ElectricWorks/NixieV/firmware/pico/pico-sdk/src/rp2_common/pico_stdio/stdio.c.obj
                0x200091c0                PROVIDE (__mutex_array_end = .)
                0x200091c0                . = ALIGN (0x4)
                0x200091c0                PROVIDE (__preinit_array_start = .)
 *(SORT_BY_NAME(.preinit_array.*))
 .preinit_array.00001
                0x200091c0        0x4 CMakeFiles/nixiev_firmware.dir/F_/ElectricWorks/NixieV/firmware/pico/pico-sdk/src/rp2_common/pico_mem_ops/mem_ops_aeabi.S.obj
 .preinit_array.00010
                0x200091c4        0x4 CMakeFiles/nixiev_firmware.dir/F_/ElectricWorks/NixieV/firmware/pico/pico-sdk/src/rp2_common/pico_bit_ops/bit_ops_aeabi.S.obj
 .preinit_array.00020
                0x200091c8        0x4 CMakeFiles/nixiev_firmware.dir/F_/ElectricWorks/NixieV/firmware/pico/pico-sdk/src/rp2_common/pico_double/double_aeabi.S.obj
 .preinit_array.00020
                0x200091cc        0x4 CMakeFiles/nixiev_firmware.dir/F_/ElectricWorks/NixieV/firmware/pico/pico-sdk/src/rp2_common/pico_float/float_aeabi.S.obj
 *(.preinit_array)
                0x200091d0                PROVIDE (__preinit_array_end = .)
                0x200091d0                . = ALIGN (0x4)
                0x200091d0                PROVIDE (__init_array_start = .)
 *(SORT_BY_NAME(.init_array.*))
 *(.init_array)
 .init_array    0x200091d0        0x4 c:/progra~2/gnuarm~1/102020~1/bin/../lib/gcc/arm-none-eabi/10.2.1/thumb/v6-m/nofp/crtbegin.o
                0x200091d4                PROVIDE (__init_array_end = .)
                0x200091d4                . = ALIGN (0x4)
                [!provide]                PROVIDE (__fini_array_start = .)
 *(SORT_BY_NAME(.fini_array.*))
 *(.fini_array)
                [!provide]                PROVIDE (__fini_array_end = .)
 *(.jcr)
                0x200091d4                . = ALIGN (0x4)
                0x200091d4                __data_end__ = .
                0x1000871c                __etext = LOADADDR (.data)

.igot.plt       0x200091d4        0x0 load address 0x10009410
 .igot.plt      0x200091d4        0x0 c:/progra~2/gnuarm~1/102020~1/bin/../lib/gcc/arm-none-eabi/10.2.1/thumb/v6-m/nofp/crtbegin.o

.uninitialized_data
                0x200091d4        0x0 load address 0x10009410
                0x200091d4                . = ALIGN (0x4)
 *(.uninitialized_data*)

.scratch_x      0x20040000        0x0 load address 0x10009410
                0x20040000                __scratch_x_start__ = .
 *(.scratch_x.*)
                0x20040000                . = ALIGN (0x4)
                0x20040000                __scratch_x_end__ = .
                0x10009410                __scratch_x_source__ = LOADADDR (.scratch_x)

.scratch_y      0x20041000        0x0 load address 0x10009410
                0x20041000                __scratch_y_start__ = .
 *(.scratch_y.*)
                0x20041000                . = ALIGN (0x4)
                0x20041000                __scratch_y_end__ = .
                0x10009410                __scratch_y_source__ = LOADADDR (.scratch_y)

.bss            0x200091d8      0x6bc
                0x200091d8                . = ALIGN (0x4)
                0x200091d8                __bss_start__ = .
 *(SORT_BY_ALIGNMENT(SORT_BY_NAME(.bss*)))
 .bss.default_alarm_pool_entries
                0x200091d8      0x100 CMakeFiles/nixiev_firmware.dir/F_/ElectricWorks/NixieV/firmware/pico/pico-sdk/src/common/pico_time/time.c.obj
 .bss.sd_table  0x200092d8      0x100 CMakeFiles/nixiev_firmware.dir/F_/ElectricWorks/NixieV/firmware/pico/pico-sdk/src/rp2_common/pico_double/double_init_rom.c.obj
                0x200092d8                sd_table
 .bss.sf_table  0x200093d8      0x100 CMakeFiles/nixiev_firmware.dir/F_/ElectricWorks/NixieV/firmware/pico/pico-sdk/src/rp2_common/pico_float/float_init_rom.c.obj
                0x200093d8                sf_table
 .bss           0x200094d8       0x1c c:/progra~2/gnuarm~1/102020~1/bin/../lib/gcc/arm-none-eabi/10.2.1/thumb/v6-m/nofp/crtbegin.o
 .bss._callback
                0x200094f4        0x4 CMakeFiles/nixiev_firmware.dir/F_/ElectricWorks/NixieV/firmware/pico/pico-sdk/src/rp2_common/hardware_rtc/rtc.c.obj
 .bss.alarm_callbacks
                0x200094f8       0x10 CMakeFiles/nixiev_firmware.dir/F_/ElectricWorks/NixieV/firmware/pico/pico-sdk/src/rp2_common/hardware_timer/timer.c.obj
 .bss.boot2_copyout
                0x20009508      0x100 CMakeFiles/nixiev_firmware.dir/F_/ElectricWorks/NixieV/firmware/pico/pico-sdk/src/rp2_common/hardware_flash/flash.c.obj
 .bss.configured_freq
                0x20009608       0x28 CMakeFiles/nixiev_firmware.dir/F_/ElectricWorks/NixieV/firmware/pico/pico-sdk/src/rp2_common/hardware_clocks/clocks.c.obj
 .bss.default_alarm_pool_entry_ids_high
                0x20009630       0x10 CMakeFiles/nixiev_firmware.dir/F_/ElectricWorks/NixieV/firmware/pico/pico-sdk/src/common/pico_time/time.c.obj
 .bss.default_alarm_pool_heap_nodes
                0x20009640       0x30 CMakeFiles/nixiev_firmware.dir/F_/ElectricWorks/NixieV/firmware/pico/pico-sdk/src/common/pico_time/time.c.obj
 .bss.disp      0x20009670        0x6 CMakeFiles/nixiev_firmware.dir/main.c.obj
                0x20009670                disp
 *fill*         0x20009676        0x2 
 .bss.drivers   0x20009678        0x4 CMakeFiles/nixiev_firmware.dir/F_/ElectricWorks/NixieV/firmware/pico/pico-sdk/src/rp2_common/pico_stdio/stdio.c.obj
 .bss.filter    0x2000967c        0x4 CMakeFiles/nixiev_firmware.dir/F_/ElectricWorks/NixieV/firmware/pico/pico-sdk/src/rp2_common/pico_stdio/stdio.c.obj
 .bss.flash_data
                0x20009680      0x100 CMakeFiles/nixiev_firmware.dir/main.c.obj
                0x20009680                flash_data
 .bss.gps_date  0x20009780       0x10 CMakeFiles/nixiev_firmware.dir/main.c.obj
                0x20009780                gps_date
 .bss.gps_time  0x20009790       0x10 CMakeFiles/nixiev_firmware.dir/main.c.obj
                0x20009790                gps_time
 .bss.k         0x200097a0       0x40 CMakeFiles/nixiev_firmware.dir/nixiev.c.obj
                0x200097a0                k
 .bss.lazy_vsnprintf
                0x200097e0        0x4 CMakeFiles/nixiev_firmware.dir/F_/ElectricWorks/NixieV/firmware/pico/pico-sdk/src/rp2_common/pico_printf/printf.c.obj
 .bss.pools     0x200097e4       0x10 CMakeFiles/nixiev_firmware.dir/F_/ElectricWorks/NixieV/firmware/pico/pico-sdk/src/common/pico_time/time.c.obj
 .bss.post_disp
                0x200097f4        0x6 CMakeFiles/nixiev_firmware.dir/main.c.obj
                0x200097f4                post_disp
 *fill*         0x200097fa        0x2 
 .bss.sf_clz_func
                0x200097fc        0x4 CMakeFiles/nixiev_firmware.dir/F_/ElectricWorks/NixieV/firmware/pico/pico-sdk/src/rp2_common/pico_double/double_init_rom.c.obj
                0x200097fc                sf_clz_func
 .bss.sleep_notifier
                0x20009800        0x4 CMakeFiles/nixiev_firmware.dir/F_/ElectricWorks/NixieV/firmware/pico/pico-sdk/src/common/pico_time/time.c.obj
 .bss.t.0       0x20009804        0x4 CMakeFiles/nixiev_firmware.dir/nixiev.c.obj
 .bss.target_hi
                0x20009808       0x10 CMakeFiles/nixiev_firmware.dir/F_/ElectricWorks/NixieV/firmware/pico/pico-sdk/src/rp2_common/hardware_timer/timer.c.obj
 .bss.uart_char_to_line_feed
                0x20009818        0x4 CMakeFiles/nixiev_firmware.dir/F_/ElectricWorks/NixieV/firmware/pico/pico-sdk/src/rp2_common/hardware_uart/uart.c.obj
                0x20009818                uart_char_to_line_feed
 .bss.z         0x2000981c       0x40 CMakeFiles/nixiev_firmware.dir/nixiev.c.obj
                0x2000981c                z
 .bss.dig_H2    0x2000985c        0x2 CMakeFiles/nixiev_firmware.dir/nixiev.c.obj
                0x2000985c                dig_H2
 .bss.dig_H4    0x2000985e        0x2 CMakeFiles/nixiev_firmware.dir/nixiev.c.obj
                0x2000985e                dig_H4
 .bss.dig_H5    0x20009860        0x2 CMakeFiles/nixiev_firmware.dir/nixiev.c.obj
                0x20009860                dig_H5
 .bss.dig_P1    0x20009862        0x2 CMakeFiles/nixiev_firmware.dir/nixiev.c.obj
                0x20009862                dig_P1
 .bss.dig_P2    0x20009864        0x2 CMakeFiles/nixiev_firmware.dir/nixiev.c.obj
                0x20009864                dig_P2
 .bss.dig_P3    0x20009866        0x2 CMakeFiles/nixiev_firmware.dir/nixiev.c.obj
                0x20009866                dig_P3
 .bss.dig_P4    0x20009868        0x2 CMakeFiles/nixiev_firmware.dir/nixiev.c.obj
                0x20009868                dig_P4
 .bss.dig_P5    0x2000986a        0x2 CMakeFiles/nixiev_firmware.dir/nixiev.c.obj
                0x2000986a                dig_P5
 .bss.dig_P6    0x2000986c        0x2 CMakeFiles/nixiev_firmware.dir/nixiev.c.obj
                0x2000986c                dig_P6
 .bss.dig_P7    0x2000986e        0x2 CMakeFiles/nixiev_firmware.dir/nixiev.c.obj
                0x2000986e                dig_P7
 .bss.dig_P8    0x20009870        0x2 CMakeFiles/nixiev_firmware.dir/nixiev.c.obj
                0x20009870                dig_P8
 .bss.dig_P9    0x20009872        0x2 CMakeFiles/nixiev_firmware.dir/nixiev.c.obj
                0x20009872                dig_P9
 .bss.dig_T1    0x20009874        0x2 CMakeFiles/nixiev_firmware.dir/nixiev.c.obj
                0x20009874                dig_T1
 .bss.dig_T2    0x20009876        0x2 CMakeFiles/nixiev_firmware.dir/nixiev.c.obj
                0x20009876                dig_T2
 .bss.dig_T3    0x20009878        0x2 CMakeFiles/nixiev_firmware.dir/nixiev.c.obj
                0x20009878                dig_T3
 .bss.rx_counter
                0x2000987a        0x2 CMakeFiles/nixiev_firmware.dir/main.c.obj
                0x2000987a                rx_counter
 .bss.rx_sentence_counter
                0x2000987c        0x2 CMakeFiles/nixiev_firmware.dir/main.c.obj
                0x2000987c                rx_sentence_counter
 .bss._alarm_repeats
                0x2000987e        0x1 CMakeFiles/nixiev_firmware.dir/F_/ElectricWorks/NixieV/firmware/pico/pico-sdk/src/rp2_common/hardware_rtc/rtc.c.obj
 .bss.blink_counter
                0x2000987f        0x1 CMakeFiles/nixiev_firmware.dir/main.c.obj
                0x2000987f                blink_counter
 .bss.boot2_copyout_valid
                0x20009880        0x1 CMakeFiles/nixiev_firmware.dir/F_/ElectricWorks/NixieV/firmware/pico/pico-sdk/src/rp2_common/hardware_flash/flash.c.obj
 .bss.claimed   0x20009881        0x1 CMakeFiles/nixiev_firmware.dir/F_/ElectricWorks/NixieV/firmware/pico/pico-sdk/src/rp2_common/hardware_timer/timer.c.obj
 .bss.cursor    0x20009882        0x1 CMakeFiles/nixiev_firmware.dir/main.c.obj
                0x20009882                cursor
 .bss.dig_H1    0x20009883        0x1 CMakeFiles/nixiev_firmware.dir/nixiev.c.obj
                0x20009883                dig_H1
 .bss.dig_H3    0x20009884        0x1 CMakeFiles/nixiev_firmware.dir/nixiev.c.obj
                0x20009884                dig_H3
 .bss.dig_H6    0x20009885        0x1 CMakeFiles/nixiev_firmware.dir/nixiev.c.obj
                0x20009885                dig_H6
 .bss.flg_off   0x20009886        0x1 CMakeFiles/nixiev_firmware.dir/main.c.obj
                0x20009886                flg_off
 .bss.flg_on    0x20009887        0x1 CMakeFiles/nixiev_firmware.dir/main.c.obj
                0x20009887                flg_on
 .bss.flg_random
                0x20009888        0x1 CMakeFiles/nixiev_firmware.dir/main.c.obj
                0x20009888                flg_random
 .bss.flg_tick  0x20009889        0x1 CMakeFiles/nixiev_firmware.dir/main.c.obj
                0x20009889                flg_tick
 .bss.flg_time_correct
                0x2000988a        0x1 CMakeFiles/nixiev_firmware.dir/main.c.obj
                0x2000988a                flg_time_correct
 .bss.global_counter
                0x2000988b        0x1 CMakeFiles/nixiev_firmware.dir/main.c.obj
                0x2000988b                global_counter
 .bss.gps_valid
                0x2000988c        0x1 CMakeFiles/nixiev_firmware.dir/main.c.obj
                0x2000988c                gps_valid
 .bss.irq_hander_chain_free_slot_head
                0x2000988d        0x1 CMakeFiles/nixiev_firmware.dir/F_/ElectricWorks/NixieV/firmware/pico/pico-sdk/src/rp2_common/hardware_irq/irq.c.obj
 .bss.num       0x2000988e        0x1 CMakeFiles/nixiev_firmware.dir/main.c.obj
                0x2000988e                num
 .bss.operation_mode
                0x2000988f        0x1 CMakeFiles/nixiev_firmware.dir/main.c.obj
                0x2000988f                operation_mode
 .bss.timer_callbacks_pending
                0x20009890        0x1 CMakeFiles/nixiev_firmware.dir/F_/ElectricWorks/NixieV/firmware/pico/pico-sdk/src/rp2_common/hardware_timer/timer.c.obj
 *(COMMON)
                0x20009894                . = ALIGN (0x4)
 *fill*         0x20009891        0x3 
                0x20009894                __bss_end__ = .

.heap           0x20009894      0x800
                0x20009894                __end__ = .
                0x20009894                end = __end__
 *(.heap*)
 .heap          0x20009894      0x800 CMakeFiles/nixiev_firmware.dir/F_/ElectricWorks/NixieV/firmware/pico/pico-sdk/src/rp2_common/pico_standard_link/crt0.S.obj
                0x2000a094                __HeapLimit = .

.stack1_dummy   0x20040000      0x800
 *(.stack1*)
 .stack1        0x20040000      0x800 CMakeFiles/nixiev_firmware.dir/F_/ElectricWorks/NixieV/firmware/pico/pico-sdk/src/rp2_common/pico_multicore/multicore.c.obj

.stack_dummy    0x20041000      0x800
 *(.stack*)
 .stack         0x20041000      0x800 CMakeFiles/nixiev_firmware.dir/F_/ElectricWorks/NixieV/firmware/pico/pico-sdk/src/rp2_common/pico_standard_link/crt0.S.obj

.flash_end      0x10009410        0x0
                0x10009410                __flash_binary_end = .
                0x20040000                __StackLimit = (ORIGIN (RAM) + LENGTH (RAM))
                0x20041000                __StackOneTop = (ORIGIN (SCRATCH_X) + LENGTH (SCRATCH_X))
                0x20042000                __StackTop = (ORIGIN (SCRATCH_Y) + LENGTH (SCRATCH_Y))
                0x20040800                __StackOneBottom = (__StackOneTop - SIZEOF (.stack1_dummy))
                0x20041800                __StackBottom = (__StackTop - SIZEOF (.stack_dummy))
                0x20042000                PROVIDE (__stack = __StackTop)
                0x00000001                ASSERT ((__StackLimit >= __HeapLimit), region RAM overflowed)
                0x00000001                ASSERT (((__binary_info_header_end - __logical_binary_start) <= 0x100), Binary info must be in first 256 bytes of the binary)
LOAD CMakeFiles/nixiev_firmware.dir/main.c.obj
LOAD CMakeFiles/nixiev_firmware.dir/nixiev.c.obj
LOAD CMakeFiles/nixiev_firmware.dir/F_/ElectricWorks/NixieV/firmware/pico/pico-sdk/src/rp2_common/pico_stdlib/stdlib.c.obj
LOAD CMakeFiles/nixiev_firmware.dir/F_/ElectricWorks/NixieV/firmware/pico/pico-sdk/src/rp2_common/hardware_gpio/gpio.c.obj
LOAD CMakeFiles/nixiev_firmware.dir/F_/ElectricWorks/NixieV/firmware/pico/pico-sdk/src/rp2_common/hardware_claim/claim.c.obj
LOAD CMakeFiles/nixiev_firmware.dir/F_/ElectricWorks/NixieV/firmware/pico/pico-sdk/src/rp2_common/pico_platform/platform.c.obj
LOAD CMakeFiles/nixiev_firmware.dir/F_/ElectricWorks/NixieV/firmware/pico/pico-sdk/src/rp2_common/hardware_sync/sync.c.obj
LOAD CMakeFiles/nixiev_firmware.dir/F_/ElectricWorks/NixieV/firmware/pico/pico-sdk/src/rp2_common/hardware_uart/uart.c.obj
LOAD CMakeFiles/nixiev_firmware.dir/F_/ElectricWorks/NixieV/firmware/pico/pico-sdk/src/rp2_common/hardware_divider/divider.S.obj
LOAD CMakeFiles/nixiev_firmware.dir/F_/ElectricWorks/NixieV/firmware/pico/pico-sdk/src/common/pico_time/time.c.obj
LOAD CMakeFiles/nixiev_firmware.dir/F_/ElectricWorks/NixieV/firmware/pico/pico-sdk/src/common/pico_time/timeout_helper.c.obj
LOAD CMakeFiles/nixiev_firmware.dir/F_/ElectricWorks/NixieV/firmware/pico/pico-sdk/src/rp2_common/hardware_timer/timer.c.obj
LOAD CMakeFiles/nixiev_firmware.dir/F_/ElectricWorks/NixieV/firmware/pico/pico-sdk/src/common/pico_sync/sem.c.obj
LOAD CMakeFiles/nixiev_firmware.dir/F_/ElectricWorks/NixieV/firmware/pico/pico-sdk/src/common/pico_sync/lock_core.c.obj
LOAD CMakeFiles/nixiev_firmware.dir/F_/ElectricWorks/NixieV/firmware/pico/pico-sdk/src/common/pico_sync/mutex.c.obj
LOAD CMakeFiles/nixiev_firmware.dir/F_/ElectricWorks/NixieV/firmware/pico/pico-sdk/src/common/pico_sync/critical_section.c.obj
LOAD CMakeFiles/nixiev_firmware.dir/F_/ElectricWorks/NixieV/firmware/pico/pico-sdk/src/common/pico_util/datetime.c.obj
LOAD CMakeFiles/nixiev_firmware.dir/F_/ElectricWorks/NixieV/firmware/pico/pico-sdk/src/common/pico_util/pheap.c.obj
LOAD CMakeFiles/nixiev_firmware.dir/F_/ElectricWorks/NixieV/firmware/pico/pico-sdk/src/common/pico_util/queue.c.obj
LOAD CMakeFiles/nixiev_firmware.dir/F_/ElectricWorks/NixieV/firmware/pico/pico-sdk/src/rp2_common/pico_runtime/runtime.c.obj
LOAD CMakeFiles/nixiev_firmware.dir/F_/ElectricWorks/NixieV/firmware/pico/pico-sdk/src/rp2_common/hardware_clocks/clocks.c.obj
LOAD CMakeFiles/nixiev_firmware.dir/F_/ElectricWorks/NixieV/firmware/pico/pico-sdk/src/rp2_common/hardware_irq/irq.c.obj
LOAD CMakeFiles/nixiev_firmware.dir/F_/ElectricWorks/NixieV/firmware/pico/pico-sdk/src/rp2_common/hardware_irq/irq_handler_chain.S.obj
LOAD CMakeFiles/nixiev_firmware.dir/F_/ElectricWorks/NixieV/firmware/pico/pico-sdk/src/rp2_common/hardware_pll/pll.c.obj
LOAD CMakeFiles/nixiev_firmware.dir/F_/ElectricWorks/NixieV/firmware/pico/pico-sdk/src/rp2_common/hardware_vreg/vreg.c.obj
LOAD CMakeFiles/nixiev_firmware.dir/F_/ElectricWorks/NixieV/firmware/pico/pico-sdk/src/rp2_common/hardware_watchdog/watchdog.c.obj
LOAD CMakeFiles/nixiev_firmware.dir/F_/ElectricWorks/NixieV/firmware/pico/pico-sdk/src/rp2_common/hardware_xosc/xosc.c.obj
LOAD CMakeFiles/nixiev_firmware.dir/F_/ElectricWorks/NixieV/firmware/pico/pico-sdk/src/rp2_common/pico_printf/printf.c.obj
LOAD CMakeFiles/nixiev_firmware.dir/F_/ElectricWorks/NixieV/firmware/pico/pico-sdk/src/rp2_common/pico_bit_ops/bit_ops_aeabi.S.obj
LOAD CMakeFiles/nixiev_firmware.dir/F_/ElectricWorks/NixieV/firmware/pico/pico-sdk/src/rp2_common/pico_bootrom/bootrom.c.obj
LOAD CMakeFiles/nixiev_firmware.dir/F_/ElectricWorks/NixieV/firmware/pico/pico-sdk/src/rp2_common/pico_divider/divider.S.obj
LOAD CMakeFiles/nixiev_firmware.dir/F_/ElectricWorks/NixieV/firmware/pico/pico-sdk/src/rp2_common/pico_double/double_aeabi.S.obj
LOAD CMakeFiles/nixiev_firmware.dir/F_/ElectricWorks/NixieV/firmware/pico/pico-sdk/src/rp2_common/pico_double/double_init_rom.c.obj
LOAD CMakeFiles/nixiev_firmware.dir/F_/ElectricWorks/NixieV/firmware/pico/pico-sdk/src/rp2_common/pico_double/double_math.c.obj
LOAD CMakeFiles/nixiev_firmware.dir/F_/ElectricWorks/NixieV/firmware/pico/pico-sdk/src/rp2_common/pico_double/double_v1_rom_shim.S.obj
LOAD CMakeFiles/nixiev_firmware.dir/F_/ElectricWorks/NixieV/firmware/pico/pico-sdk/src/rp2_common/pico_int64_ops/pico_int64_ops_aeabi.S.obj
LOAD CMakeFiles/nixiev_firmware.dir/F_/ElectricWorks/NixieV/firmware/pico/pico-sdk/src/rp2_common/pico_float/float_aeabi.S.obj
LOAD CMakeFiles/nixiev_firmware.dir/F_/ElectricWorks/NixieV/firmware/pico/pico-sdk/src/rp2_common/pico_float/float_init_rom.c.obj
LOAD CMakeFiles/nixiev_firmware.dir/F_/ElectricWorks/NixieV/firmware/pico/pico-sdk/src/rp2_common/pico_float/float_math.c.obj
LOAD CMakeFiles/nixiev_firmware.dir/F_/ElectricWorks/NixieV/firmware/pico/pico-sdk/src/rp2_common/pico_float/float_v1_rom_shim.S.obj
LOAD CMakeFiles/nixiev_firmware.dir/F_/ElectricWorks/NixieV/firmware/pico/pico-sdk/src/rp2_common/pico_malloc/pico_malloc.c.obj
LOAD CMakeFiles/nixiev_firmware.dir/F_/ElectricWorks/NixieV/firmware/pico/pico-sdk/src/rp2_common/pico_mem_ops/mem_ops_aeabi.S.obj
LOAD CMakeFiles/nixiev_firmware.dir/F_/ElectricWorks/NixieV/firmware/pico/pico-sdk/src/rp2_common/pico_standard_link/crt0.S.obj
LOAD CMakeFiles/nixiev_firmware.dir/F_/ElectricWorks/NixieV/firmware/pico/pico-sdk/src/rp2_common/pico_standard_link/new_delete.cpp.obj
LOAD CMakeFiles/nixiev_firmware.dir/F_/ElectricWorks/NixieV/firmware/pico/pico-sdk/src/rp2_common/pico_standard_link/binary_info.c.obj
LOAD CMakeFiles/nixiev_firmware.dir/F_/ElectricWorks/NixieV/firmware/pico/pico-sdk/src/rp2_common/pico_stdio/stdio.c.obj
LOAD CMakeFiles/nixiev_firmware.dir/F_/ElectricWorks/NixieV/firmware/pico/pico-sdk/src/rp2_common/pico_stdio_uart/stdio_uart.c.obj
LOAD CMakeFiles/nixiev_firmware.dir/F_/ElectricWorks/NixieV/firmware/pico/pico-sdk/src/rp2_common/hardware_adc/adc.c.obj
LOAD CMakeFiles/nixiev_firmware.dir/F_/ElectricWorks/NixieV/firmware/pico/pico-sdk/src/rp2_common/hardware_spi/spi.c.obj
LOAD CMakeFiles/nixiev_firmware.dir/F_/ElectricWorks/NixieV/firmware/pico/pico-sdk/src/rp2_common/hardware_rtc/rtc.c.obj
LOAD CMakeFiles/nixiev_firmware.dir/F_/ElectricWorks/NixieV/firmware/pico/pico-sdk/src/rp2_common/pico_multicore/multicore.c.obj
LOAD CMakeFiles/nixiev_firmware.dir/F_/ElectricWorks/NixieV/firmware/pico/pico-sdk/src/rp2_common/hardware_flash/flash.c.obj
LOAD C:\Users\Keita\AppData\Local\Temp\ccI3uSAc.o
LOAD c:/progra~2/gnuarm~1/102020~1/bin/../lib/gcc/arm-none-eabi/10.2.1/../../../../arm-none-eabi/lib/thumb/v6-m/nofp\libstdc++.a
LOAD c:/progra~2/gnuarm~1/102020~1/bin/../lib/gcc/arm-none-eabi/10.2.1/../../../../arm-none-eabi/lib/thumb/v6-m/nofp\libm.a
START GROUP
LOAD c:/progra~2/gnuarm~1/102020~1/bin/../lib/gcc/arm-none-eabi/10.2.1/thumb/v6-m/nofp\libgcc.a
LOAD c:/progra~2/gnuarm~1/102020~1/bin/../lib/gcc/arm-none-eabi/10.2.1/../../../../arm-none-eabi/lib/thumb/v6-m/nofp\libc.a
END GROUP
START GROUP
LOAD c:/progra~2/gnuarm~1/102020~1/bin/../lib/gcc/arm-none-eabi/10.2.1/thumb/v6-m/nofp\libgcc.a
LOAD c:/progra~2/gnuarm~1/102020~1/bin/../lib/gcc/arm-none-eabi/10.2.1/../../../../arm-none-eabi/lib/thumb/v6-m/nofp\libc.a
LOAD c:/progra~2/gnuarm~1/102020~1/bin/../lib/gcc/arm-none-eabi/10.2.1/../../../../arm-none-eabi/lib/thumb/v6-m/nofp\libnosys.a
END GROUP
LOAD c:/progra~2/gnuarm~1/102020~1/bin/../lib/gcc/arm-none-eabi/10.2.1/thumb/v6-m/nofp/crtend.o
LOAD c:/progra~2/gnuarm~1/102020~1/bin/../lib/gcc/arm-none-eabi/10.2.1/thumb/v6-m/nofp/crtn.o
OUTPUT(nixiev_firmware.elf elf32-littlearm)
LOAD linker stubs

.ARM.attributes
                0x00000000       0x28
 .ARM.attributes
                0x00000000       0x1e c:/progra~2/gnuarm~1/102020~1/bin/../lib/gcc/arm-none-eabi/10.2.1/thumb/v6-m/nofp/crti.o
 .ARM.attributes
                0x0000001e       0x2c c:/progra~2/gnuarm~1/102020~1/bin/../lib/gcc/arm-none-eabi/10.2.1/thumb/v6-m/nofp/crtbegin.o
 .ARM.attributes
                0x0000004a       0x2c CMakeFiles/nixiev_firmware.dir/main.c.obj
 .ARM.attributes
                0x00000076       0x2c CMakeFiles/nixiev_firmware.dir/nixiev.c.obj
 .ARM.attributes
                0x000000a2       0x2c CMakeFiles/nixiev_firmware.dir/F_/ElectricWorks/NixieV/firmware/pico/pico-sdk/src/rp2_common/hardware_gpio/gpio.c.obj
 .ARM.attributes
                0x000000ce       0x2c CMakeFiles/nixiev_firmware.dir/F_/ElectricWorks/NixieV/firmware/pico/pico-sdk/src/rp2_common/hardware_claim/claim.c.obj
 .ARM.attributes
                0x000000fa       0x2c CMakeFiles/nixiev_firmware.dir/F_/ElectricWorks/NixieV/firmware/pico/pico-sdk/src/rp2_common/pico_platform/platform.c.obj
 .ARM.attributes
                0x00000126       0x2c CMakeFiles/nixiev_firmware.dir/F_/ElectricWorks/NixieV/firmware/pico/pico-sdk/src/rp2_common/hardware_sync/sync.c.obj
 .ARM.attributes
                0x00000152       0x2c CMakeFiles/nixiev_firmware.dir/F_/ElectricWorks/NixieV/firmware/pico/pico-sdk/src/rp2_common/hardware_uart/uart.c.obj
 .ARM.attributes
                0x0000017e       0x2c CMakeFiles/nixiev_firmware.dir/F_/ElectricWorks/NixieV/firmware/pico/pico-sdk/src/common/pico_time/time.c.obj
 .ARM.attributes
                0x000001aa       0x2c CMakeFiles/nixiev_firmware.dir/F_/ElectricWorks/NixieV/firmware/pico/pico-sdk/src/rp2_common/hardware_timer/timer.c.obj
 .ARM.attributes
                0x000001d6       0x2c CMakeFiles/nixiev_firmware.dir/F_/ElectricWorks/NixieV/firmware/pico/pico-sdk/src/common/pico_sync/lock_core.c.obj
 .ARM.attributes
                0x00000202       0x2c CMakeFiles/nixiev_firmware.dir/F_/ElectricWorks/NixieV/firmware/pico/pico-sdk/src/common/pico_sync/mutex.c.obj
 .ARM.attributes
                0x0000022e       0x2c CMakeFiles/nixiev_firmware.dir/F_/ElectricWorks/NixieV/firmware/pico/pico-sdk/src/common/pico_util/pheap.c.obj
 .ARM.attributes
                0x0000025a       0x2c CMakeFiles/nixiev_firmware.dir/F_/ElectricWorks/NixieV/firmware/pico/pico-sdk/src/rp2_common/pico_runtime/runtime.c.obj
 .ARM.attributes
                0x00000286       0x2c CMakeFiles/nixiev_firmware.dir/F_/ElectricWorks/NixieV/firmware/pico/pico-sdk/src/rp2_common/hardware_clocks/clocks.c.obj
 .ARM.attributes
                0x000002b2       0x2c CMakeFiles/nixiev_firmware.dir/F_/ElectricWorks/NixieV/firmware/pico/pico-sdk/src/rp2_common/hardware_irq/irq.c.obj
 .ARM.attributes
                0x000002de       0x22 CMakeFiles/nixiev_firmware.dir/F_/ElectricWorks/NixieV/firmware/pico/pico-sdk/src/rp2_common/hardware_irq/irq_handler_chain.S.obj
 .ARM.attributes
                0x00000300       0x2c CMakeFiles/nixiev_firmware.dir/F_/ElectricWorks/NixieV/firmware/pico/pico-sdk/src/rp2_common/hardware_pll/pll.c.obj
 .ARM.attributes
                0x0000032c       0x2c CMakeFiles/nixiev_firmware.dir/F_/ElectricWorks/NixieV/firmware/pico/pico-sdk/src/rp2_common/hardware_watchdog/watchdog.c.obj
 .ARM.attributes
                0x00000358       0x2c CMakeFiles/nixiev_firmware.dir/F_/ElectricWorks/NixieV/firmware/pico/pico-sdk/src/rp2_common/hardware_xosc/xosc.c.obj
 .ARM.attributes
                0x00000384       0x2c CMakeFiles/nixiev_firmware.dir/F_/ElectricWorks/NixieV/firmware/pico/pico-sdk/src/rp2_common/pico_printf/printf.c.obj
 .ARM.attributes
                0x000003b0       0x22 CMakeFiles/nixiev_firmware.dir/F_/ElectricWorks/NixieV/firmware/pico/pico-sdk/src/rp2_common/pico_bit_ops/bit_ops_aeabi.S.obj
 .ARM.attributes
                0x000003d2       0x2c CMakeFiles/nixiev_firmware.dir/F_/ElectricWorks/NixieV/firmware/pico/pico-sdk/src/rp2_common/pico_bootrom/bootrom.c.obj
 .ARM.attributes
                0x000003fe       0x22 CMakeFiles/nixiev_firmware.dir/F_/ElectricWorks/NixieV/firmware/pico/pico-sdk/src/rp2_common/pico_divider/divider.S.obj
 .ARM.attributes
                0x00000420       0x22 CMakeFiles/nixiev_firmware.dir/F_/ElectricWorks/NixieV/firmware/pico/pico-sdk/src/rp2_common/pico_double/double_aeabi.S.obj
 .ARM.attributes
                0x00000442       0x2c CMakeFiles/nixiev_firmware.dir/F_/ElectricWorks/NixieV/firmware/pico/pico-sdk/src/rp2_common/pico_double/double_init_rom.c.obj
 .ARM.attributes
                0x0000046e       0x22 CMakeFiles/nixiev_firmware.dir/F_/ElectricWorks/NixieV/firmware/pico/pico-sdk/src/rp2_common/pico_double/double_v1_rom_shim.S.obj
 .ARM.attributes
                0x00000490       0x22 CMakeFiles/nixiev_firmware.dir/F_/ElectricWorks/NixieV/firmware/pico/pico-sdk/src/rp2_common/pico_int64_ops/pico_int64_ops_aeabi.S.obj
 .ARM.attributes
                0x000004b2       0x22 CMakeFiles/nixiev_firmware.dir/F_/ElectricWorks/NixieV/firmware/pico/pico-sdk/src/rp2_common/pico_float/float_aeabi.S.obj
 .ARM.attributes
                0x000004d4       0x2c CMakeFiles/nixiev_firmware.dir/F_/ElectricWorks/NixieV/firmware/pico/pico-sdk/src/rp2_common/pico_float/float_init_rom.c.obj
 .ARM.attributes
                0x00000500       0x22 CMakeFiles/nixiev_firmware.dir/F_/ElectricWorks/NixieV/firmware/pico/pico-sdk/src/rp2_common/pico_float/float_v1_rom_shim.S.obj
 .ARM.attributes
                0x00000522       0x2c CMakeFiles/nixiev_firmware.dir/F_/ElectricWorks/NixieV/firmware/pico/pico-sdk/src/rp2_common/pico_malloc/pico_malloc.c.obj
 .ARM.attributes
                0x0000054e       0x22 CMakeFiles/nixiev_firmware.dir/F_/ElectricWorks/NixieV/firmware/pico/pico-sdk/src/rp2_common/pico_mem_ops/mem_ops_aeabi.S.obj
 .ARM.attributes
                0x00000570       0x22 CMakeFiles/nixiev_firmware.dir/F_/ElectricWorks/NixieV/firmware/pico/pico-sdk/src/rp2_common/pico_standard_link/crt0.S.obj
 .ARM.attributes
                0x00000592       0x32 CMakeFiles/nixiev_firmware.dir/F_/ElectricWorks/NixieV/firmware/pico/pico-sdk/src/rp2_common/pico_standard_link/binary_info.c.obj
 .ARM.attributes
                0x000005c4       0x2c CMakeFiles/nixiev_firmware.dir/F_/ElectricWorks/NixieV/firmware/pico/pico-sdk/src/rp2_common/pico_stdio/stdio.c.obj
 .ARM.attributes
                0x000005f0       0x2c CMakeFiles/nixiev_firmware.dir/F_/ElectricWorks/NixieV/firmware/pico/pico-sdk/src/rp2_common/hardware_adc/adc.c.obj
 .ARM.attributes
                0x0000061c       0x2c CMakeFiles/nixiev_firmware.dir/F_/ElectricWorks/NixieV/firmware/pico/pico-sdk/src/rp2_common/hardware_spi/spi.c.obj
 .ARM.attributes
                0x00000648       0x2c CMakeFiles/nixiev_firmware.dir/F_/ElectricWorks/NixieV/firmware/pico/pico-sdk/src/rp2_common/hardware_rtc/rtc.c.obj
 .ARM.attributes
                0x00000674       0x2c CMakeFiles/nixiev_firmware.dir/F_/ElectricWorks/NixieV/firmware/pico/pico-sdk/src/rp2_common/pico_multicore/multicore.c.obj
 .ARM.attributes
                0x000006a0       0x2c CMakeFiles/nixiev_firmware.dir/F_/ElectricWorks/NixieV/firmware/pico/pico-sdk/src/rp2_common/hardware_flash/flash.c.obj
 .ARM.attributes
                0x000006cc       0x22 C:\Users\Keita\AppData\Local\Temp\ccI3uSAc.o
 .ARM.attributes
                0x000006ee       0x1e c:/progra~2/gnuarm~1/102020~1/bin/../lib/gcc/arm-none-eabi/10.2.1/thumb/v6-m/nofp\libgcc.a(_dvmd_tls.o)
 .ARM.attributes
                0x0000070c       0x2c c:/progra~2/gnuarm~1/102020~1/bin/../lib/gcc/arm-none-eabi/10.2.1/../../../../arm-none-eabi/lib/thumb/v6-m/nofp\libc.a(lib_a-impure.o)
 .ARM.attributes
                0x00000738       0x2c c:/progra~2/gnuarm~1/102020~1/bin/../lib/gcc/arm-none-eabi/10.2.1/../../../../arm-none-eabi/lib/thumb/v6-m/nofp\libc.a(lib_a-rand.o)
 .ARM.attributes
                0x00000764       0x2c c:/progra~2/gnuarm~1/102020~1/bin/../lib/gcc/arm-none-eabi/10.2.1/../../../../arm-none-eabi/lib/thumb/v6-m/nofp\libc.a(lib_a-random.o)
 .ARM.attributes
                0x00000790       0x2c c:/progra~2/gnuarm~1/102020~1/bin/../lib/gcc/arm-none-eabi/10.2.1/../../../../arm-none-eabi/lib/thumb/v6-m/nofp\libc.a(lib_a-strlen-stub.o)

.comment        0x00000000       0x4d
 .comment       0x00000000       0x4d CMakeFiles/nixiev_firmware.dir/main.c.obj
                                 0x4e (size before relaxing)
 .comment       0x0000004d       0x4e CMakeFiles/nixiev_firmware.dir/nixiev.c.obj
 .comment       0x0000004d       0x4e CMakeFiles/nixiev_firmware.dir/F_/ElectricWorks/NixieV/firmware/pico/pico-sdk/src/rp2_common/hardware_gpio/gpio.c.obj
 .comment       0x0000004d       0x4e CMakeFiles/nixiev_firmware.dir/F_/ElectricWorks/NixieV/firmware/pico/pico-sdk/src/rp2_common/hardware_claim/claim.c.obj
 .comment       0x0000004d       0x4e CMakeFiles/nixiev_firmware.dir/F_/ElectricWorks/NixieV/firmware/pico/pico-sdk/src/rp2_common/pico_platform/platform.c.obj
 .comment       0x0000004d       0x4e CMakeFiles/nixiev_firmware.dir/F_/ElectricWorks/NixieV/firmware/pico/pico-sdk/src/rp2_common/hardware_sync/sync.c.obj
 .comment       0x0000004d       0x4e CMakeFiles/nixiev_firmware.dir/F_/ElectricWorks/NixieV/firmware/pico/pico-sdk/src/rp2_common/hardware_uart/uart.c.obj
 .comment       0x0000004d       0x4e CMakeFiles/nixiev_firmware.dir/F_/ElectricWorks/NixieV/firmware/pico/pico-sdk/src/common/pico_time/time.c.obj
 .comment       0x0000004d       0x4e CMakeFiles/nixiev_firmware.dir/F_/ElectricWorks/NixieV/firmware/pico/pico-sdk/src/rp2_common/hardware_timer/timer.c.obj
 .comment       0x0000004d       0x4e CMakeFiles/nixiev_firmware.dir/F_/ElectricWorks/NixieV/firmware/pico/pico-sdk/src/common/pico_sync/lock_core.c.obj
 .comment       0x0000004d       0x4e CMakeFiles/nixiev_firmware.dir/F_/ElectricWorks/NixieV/firmware/pico/pico-sdk/src/common/pico_sync/mutex.c.obj
 .comment       0x0000004d       0x4e CMakeFiles/nixiev_firmware.dir/F_/ElectricWorks/NixieV/firmware/pico/pico-sdk/src/common/pico_util/pheap.c.obj
 .comment       0x0000004d       0x4e CMakeFiles/nixiev_firmware.dir/F_/ElectricWorks/NixieV/firmware/pico/pico-sdk/src/rp2_common/pico_runtime/runtime.c.obj
 .comment       0x0000004d       0x4e CMakeFiles/nixiev_firmware.dir/F_/ElectricWorks/NixieV/firmware/pico/pico-sdk/src/rp2_common/hardware_clocks/clocks.c.obj
 .comment       0x0000004d       0x4e CMakeFiles/nixiev_firmware.dir/F_/ElectricWorks/NixieV/firmware/pico/pico-sdk/src/rp2_common/hardware_irq/irq.c.obj
 .comment       0x0000004d       0x4e CMakeFiles/nixiev_firmware.dir/F_/ElectricWorks/NixieV/firmware/pico/pico-sdk/src/rp2_common/hardware_pll/pll.c.obj
 .comment       0x0000004d       0x4e CMakeFiles/nixiev_firmware.dir/F_/ElectricWorks/NixieV/firmware/pico/pico-sdk/src/rp2_common/hardware_watchdog/watchdog.c.obj
 .comment       0x0000004d       0x4e CMakeFiles/nixiev_firmware.dir/F_/ElectricWorks/NixieV/firmware/pico/pico-sdk/src/rp2_common/hardware_xosc/xosc.c.obj
 .comment       0x0000004d       0x4e CMakeFiles/nixiev_firmware.dir/F_/ElectricWorks/NixieV/firmware/pico/pico-sdk/src/rp2_common/pico_printf/printf.c.obj
 .comment       0x0000004d       0x4e CMakeFiles/nixiev_firmware.dir/F_/ElectricWorks/NixieV/firmware/pico/pico-sdk/src/rp2_common/pico_bootrom/bootrom.c.obj
 .comment       0x0000004d       0x4e CMakeFiles/nixiev_firmware.dir/F_/ElectricWorks/NixieV/firmware/pico/pico-sdk/src/rp2_common/pico_double/double_init_rom.c.obj
 .comment       0x0000004d       0x4e CMakeFiles/nixiev_firmware.dir/F_/ElectricWorks/NixieV/firmware/pico/pico-sdk/src/rp2_common/pico_float/float_init_rom.c.obj
 .comment       0x0000004d       0x4e CMakeFiles/nixiev_firmware.dir/F_/ElectricWorks/NixieV/firmware/pico/pico-sdk/src/rp2_common/pico_malloc/pico_malloc.c.obj
 .comment       0x0000004d       0x4e CMakeFiles/nixiev_firmware.dir/F_/ElectricWorks/NixieV/firmware/pico/pico-sdk/src/rp2_common/pico_standard_link/binary_info.c.obj
 .comment       0x0000004d       0x4e CMakeFiles/nixiev_firmware.dir/F_/ElectricWorks/NixieV/firmware/pico/pico-sdk/src/rp2_common/pico_stdio/stdio.c.obj
 .comment       0x0000004d       0x4e CMakeFiles/nixiev_firmware.dir/F_/ElectricWorks/NixieV/firmware/pico/pico-sdk/src/rp2_common/hardware_adc/adc.c.obj
 .comment       0x0000004d       0x4e CMakeFiles/nixiev_firmware.dir/F_/ElectricWorks/NixieV/firmware/pico/pico-sdk/src/rp2_common/hardware_spi/spi.c.obj
 .comment       0x0000004d       0x4e CMakeFiles/nixiev_firmware.dir/F_/ElectricWorks/NixieV/firmware/pico/pico-sdk/src/rp2_common/hardware_rtc/rtc.c.obj
 .comment       0x0000004d       0x4e CMakeFiles/nixiev_firmware.dir/F_/ElectricWorks/NixieV/firmware/pico/pico-sdk/src/rp2_common/pico_multicore/multicore.c.obj
 .comment       0x0000004d       0x4e CMakeFiles/nixiev_firmware.dir/F_/ElectricWorks/NixieV/firmware/pico/pico-sdk/src/rp2_common/hardware_flash/flash.c.obj

.debug_frame    0x00000000       0x98
 .debug_frame   0x00000000       0x38 c:/progra~2/gnuarm~1/102020~1/bin/../lib/gcc/arm-none-eabi/10.2.1/../../../../arm-none-eabi/lib/thumb/v6-m/nofp\libc.a(lib_a-rand.o)
 .debug_frame   0x00000038       0x38 c:/progra~2/gnuarm~1/102020~1/bin/../lib/gcc/arm-none-eabi/10.2.1/../../../../arm-none-eabi/lib/thumb/v6-m/nofp\libc.a(lib_a-random.o)
 .debug_frame   0x00000070       0x28 c:/progra~2/gnuarm~1/102020~1/bin/../lib/gcc/arm-none-eabi/10.2.1/../../../../arm-none-eabi/lib/thumb/v6-m/nofp\libc.a(lib_a-strlen-stub.o)
